nohup: ignoring input
[train] run dir: artifacts/runs/dreamer_small_1784878651
[train] learner device=cuda collector=cuda
[train] seeded replay with 7291 demo transitions from artifacts/demos
[train] prefill to 5000 transitions (random policy) ...
[train] prefill done -> learner + policy collection running
[train] steps=440 upd=50 sps=12.6 ups=1.4 wm=2.69 actor=0.34 ep_r=-21.81999969482422 gate=0 stage=hover
[train] steps=1070 upd=100 sps=14.9 ups=1.4 wm=2.88 actor=0.23 ep_r=-19.969999313354492 gate=0 stage=hover
[train] steps=1156 upd=150 sps=11.9 ups=1.5 wm=2.30 actor=0.13 ep_r=-20.059999465942383 gate=0 stage=hover
[train] steps=1212 upd=200 sps=9.8 ups=1.6 wm=2.50 actor=0.07 ep_r=-20.06999969482422 gate=0 stage=hover
[train] steps=1282 upd=250 sps=8.5 ups=1.7 wm=2.41 actor=0.04 ep_r=-20.059999465942383 gate=0 stage=hover
[train] steps=1352 upd=300 sps=7.6 ups=1.7 wm=2.45 actor=0.03 ep_r=-20.280000686645508 gate=0 stage=hover
[train] steps=1447 upd=350 sps=7.0 ups=1.7 wm=2.51 actor=0.02 ep_r=-20.280000686645508 gate=0 stage=hover
[train] steps=1523 upd=400 sps=6.5 ups=1.7 wm=2.56 actor=0.01 ep_r=-20.06999969482422 gate=0 stage=hover
[train] steps=2122 upd=450 sps=7.8 ups=1.6 wm=2.58 actor=0.02 ep_r=-24.139999389648438 gate=0 stage=hover
[train] steps=2612 upd=500 sps=8.5 ups=1.6 wm=2.43 actor=0.00 ep_r=-20.459999084472656 gate=0 stage=hover
[train] steps=2668 upd=550 sps=7.9 ups=1.6 wm=2.58 actor=-0.03 ep_r=-20.09000015258789 gate=0 stage=hover
[train] steps=2732 upd=600 sps=7.5 ups=1.6 wm=2.60 actor=-0.03 ep_r=-20.34000015258789 gate=0 stage=hover
[train] steps=2782 upd=650 sps=7.1 ups=1.7 wm=2.41 actor=-0.06 ep_r=-20.100000381469727 gate=0 stage=hover
[train] steps=2835 upd=700 sps=6.7 ups=1.7 wm=2.18 actor=-0.09 ep_r=-20.270000457763672 gate=0 stage=hover
[train] steps=2924 upd=750 sps=6.5 ups=1.7 wm=2.40 actor=-0.03 ep_r=-20.110000610351562 gate=0 stage=hover
[train] steps=3076 upd=800 sps=6.4 ups=1.7 wm=2.11 actor=0.00 ep_r=-20.0 gate=0 stage=hover
[train] steps=3173 upd=850 sps=6.2 ups=1.7 wm=2.23 actor=-0.05 ep_r=-20.219999313354492 gate=0 stage=hover
[train] steps=3277 upd=900 sps=6.1 ups=1.7 wm=1.98 actor=-0.06 ep_r=-20.100000381469727 gate=0 stage=hover
[train] steps=3953 upd=950 sps=6.8 ups=1.6 wm=2.24 actor=0.03 ep_r=-21.84000015258789 gate=0 stage=hover
[train] steps=4428 upd=1000 sps=7.2 ups=1.6 wm=2.30 actor=-0.01 ep_r=-20.899999618530273 gate=0 stage=hover
[train] steps=4729 upd=1050 sps=7.3 ups=1.6 wm=2.37 actor=-0.04 ep_r=-18.700000762939453 gate=0 stage=hover
[train] steps=5042 upd=1100 sps=7.3 ups=1.6 wm=2.40 actor=0.00 ep_r=-18.559999465942383 gate=0 stage=hover
[train] steps=5629 upd=1150 sps=7.7 ups=1.6 wm=2.29 actor=0.04 ep_r=-19.520000457763672 gate=0 stage=hover
[train] steps=6055 upd=1200 sps=7.9 ups=1.6 wm=2.34 actor=0.02 ep_r=-19.18000030517578 gate=0 stage=hover
[train] steps=6430 upd=1250 sps=8.0 ups=1.6 wm=2.12 actor=-0.04 ep_r=-18.59000015258789 gate=0 stage=hover
[train] steps=6769 upd=1300 sps=8.1 ups=1.5 wm=2.43 actor=0.02 ep_r=-18.450000762939453 gate=0 stage=hover
[train] steps=7185 upd=1350 sps=8.2 ups=1.5 wm=2.38 actor=0.05 ep_r=-20.639999389648438 gate=0 stage=hover
[train] steps=7593 upd=1400 sps=8.3 ups=1.5 wm=2.34 actor=-0.02 ep_r=-20.600000381469727 gate=0 stage=hover
[train] steps=8215 upd=1450 sps=8.6 ups=1.5 wm=2.52 actor=-0.07 ep_r=-20.81999969482422 gate=0 stage=hover
[train] steps=8744 upd=1500 sps=8.8 ups=1.5 wm=2.42 actor=0.01 ep_r=-18.829999923706055 gate=0 stage=hover
[train] steps=9217 upd=1550 sps=8.9 ups=1.5 wm=2.29 actor=-0.04 ep_r=-20.709999084472656 gate=0 stage=hover
[train] steps=9652 upd=1600 sps=9.0 ups=1.5 wm=2.25 actor=-0.06 ep_r=-17.59000015258789 gate=0 stage=hover
[train] steps=9933 upd=1650 sps=8.9 ups=1.5 wm=2.33 actor=-0.13 ep_r=-20.25 gate=0 stage=hover
[train] checkpoint -> artifacts/runs/dreamer_small_1784878651/ckpt_10013.pt
[train] steps=10216 upd=1700 sps=8.9 ups=1.5 wm=2.24 actor=-0.20 ep_r=-20.1299991607666 gate=0 stage=hover
[train] steps=10560 upd=1750 sps=8.9 ups=1.5 wm=2.17 actor=-0.09 ep_r=-20.049999237060547 gate=0 stage=hover
[train] steps=10867 upd=1800 sps=8.9 ups=1.5 wm=2.29 actor=-0.04 ep_r=-19.25 gate=0 stage=hover
[train] steps=11120 upd=1850 sps=8.9 ups=1.5 wm=2.35 actor=-0.08 ep_r=-19.780000686645508 gate=0 stage=hover
[train] steps=11321 upd=1900 sps=8.8 ups=1.5 wm=2.26 actor=-0.02 ep_r=-18.75 gate=0 stage=hover
[train] steps=11417 upd=1950 sps=8.7 ups=1.5 wm=2.35 actor=-0.12 ep_r=-19.729999542236328 gate=0 stage=hover
[train] steps=11507 upd=2000 sps=8.5 ups=1.5 wm=2.36 actor=-0.14 ep_r=-20.049999237060547 gate=0 stage=hover
[train] steps=11768 upd=2050 sps=8.5 ups=1.5 wm=2.34 actor=-0.14 ep_r=-18.790000915527344 gate=0 stage=hover
[train] steps=12143 upd=2100 sps=8.6 ups=1.5 wm=2.31 actor=-0.15 ep_r=-20.8700008392334 gate=0 stage=hover
[train] steps=12529 upd=2150 sps=8.6 ups=1.5 wm=2.36 actor=-0.16 ep_r=-18.799999237060547 gate=0 stage=hover
[train] steps=12885 upd=2200 sps=8.6 ups=1.5 wm=2.48 actor=-0.26 ep_r=-18.75 gate=0 stage=hover
[train] steps=13125 upd=2250 sps=8.6 ups=1.5 wm=2.21 actor=-0.17 ep_r=-18.68000030517578 gate=0 stage=hover
[train] steps=13361 upd=2300 sps=8.6 ups=1.5 wm=2.37 actor=-0.26 ep_r=-18.6299991607666 gate=0 stage=hover
[train] steps=13566 upd=2350 sps=8.5 ups=1.5 wm=2.35 actor=-0.35 ep_r=-18.829999923706055 gate=0 stage=hover
[train] steps=13795 upd=2400 sps=8.5 ups=1.5 wm=2.30 actor=-0.52 ep_r=-20.31999969482422 gate=0 stage=hover
[train] steps=13963 upd=2450 sps=8.4 ups=1.5 wm=2.08 actor=-0.33 ep_r=-17.6200008392334 gate=0 stage=hover
[train] steps=14099 upd=2500 sps=8.4 ups=1.5 wm=2.13 actor=-0.41 ep_r=-20.270000457763672 gate=0 stage=hover
[train] steps=14235 upd=2550 sps=8.3 ups=1.5 wm=2.31 actor=-0.67 ep_r=-20.15999984741211 gate=0 stage=hover
[train] steps=14398 upd=2600 sps=8.2 ups=1.5 wm=2.25 actor=-0.37 ep_r=-20.899999618530273 gate=0 stage=hover
[train] steps=14578 upd=2650 sps=8.2 ups=1.5 wm=2.10 actor=-0.53 ep_r=-18.670000076293945 gate=0 stage=hover
[train] steps=14753 upd=2700 sps=8.1 ups=1.5 wm=2.19 actor=-0.56 ep_r=-19.709999084472656 gate=0 stage=hover
[train] steps=14883 upd=2750 sps=8.0 ups=1.5 wm=2.35 actor=-0.56 ep_r=-20.049999237060547 gate=0 stage=hover
[train] steps=14999 upd=2800 sps=8.0 ups=1.5 wm=2.35 actor=-0.62 ep_r=-20.170000076293945 gate=0 stage=hover
[train] steps=15213 upd=2850 sps=7.9 ups=1.5 wm=2.35 actor=-0.51 ep_r=-18.190000534057617 gate=0 stage=hover
[train] steps=15437 upd=2900 sps=7.9 ups=1.5 wm=2.21 actor=-0.32 ep_r=-19.520000457763672 gate=0 stage=hover
[train] steps=15584 upd=2950 sps=7.9 ups=1.5 wm=2.21 actor=-0.26 ep_r=-20.299999237060547 gate=0 stage=hover
[train] steps=15706 upd=3000 sps=7.8 ups=1.5 wm=2.12 actor=-0.22 ep_r=-20.030000686645508 gate=0 stage=hover
[train] steps=15920 upd=3050 sps=7.8 ups=1.5 wm=2.21 actor=-0.48 ep_r=-17.65999984741211 gate=0 stage=hover
[train] steps=16095 upd=3100 sps=7.7 ups=1.5 wm=2.16 actor=-0.29 ep_r=-18.75 gate=0 stage=hover
[train] steps=16329 upd=3150 sps=7.7 ups=1.5 wm=2.07 actor=0.00 ep_r=-20.100000381469727 gate=0 stage=hover
[train] steps=16642 upd=3200 sps=7.7 ups=1.5 wm=2.03 actor=0.03 ep_r=-18.979999542236328 gate=0 stage=hover
[train] steps=17114 upd=3250 sps=7.8 ups=1.5 wm=2.14 actor=-0.11 ep_r=-21.329999923706055 gate=0 stage=hover
[train] steps=17462 upd=3300 sps=7.9 ups=1.5 wm=2.02 actor=-0.09 ep_r=-18.690000534057617 gate=0 stage=hover
[train] steps=17872 upd=3350 sps=7.9 ups=1.5 wm=1.98 actor=-0.00 ep_r=-18.579999923706055 gate=0 stage=hover
[train] steps=18264 upd=3400 sps=8.0 ups=1.5 wm=2.07 actor=-0.09 ep_r=-18.459999084472656 gate=0 stage=hover
[train] steps=18493 upd=3450 sps=7.9 ups=1.5 wm=1.95 actor=-0.12 ep_r=-20.260000228881836 gate=0 stage=hover
[train] steps=18705 upd=3500 sps=7.9 ups=1.5 wm=2.04 actor=-0.16 ep_r=-19.040000915527344 gate=0 stage=hover
[train] steps=18883 upd=3550 sps=7.9 ups=1.5 wm=2.04 actor=-0.13 ep_r=-20.280000686645508 gate=0 stage=hover
[train] steps=19067 upd=3600 sps=7.9 ups=1.5 wm=2.06 actor=-0.07 ep_r=-18.770000457763672 gate=0 stage=hover
[train] steps=19280 upd=3650 sps=7.8 ups=1.5 wm=2.08 actor=-0.21 ep_r=-20.479999542236328 gate=0 stage=hover
[train] steps=19481 upd=3700 sps=7.8 ups=1.5 wm=1.99 actor=-0.21 ep_r=-19.700000762939453 gate=0 stage=hover
[train] steps=19698 upd=3750 sps=7.8 ups=1.5 wm=1.96 actor=-0.18 ep_r=-20.219999313354492 gate=0 stage=hover
[train] steps=19892 upd=3800 sps=7.8 ups=1.5 wm=2.10 actor=-0.28 ep_r=-20.139999389648438 gate=0 stage=hover
[train] checkpoint -> artifacts/runs/dreamer_small_1784878651/ckpt_20016.pt
[train] steps=20109 upd=3850 sps=7.7 ups=1.5 wm=1.95 actor=-0.30 ep_r=-19.209999084472656 gate=0 stage=hover
[train] steps=20326 upd=3900 sps=7.7 ups=1.5 wm=1.96 actor=-0.41 ep_r=-20.1200008392334 gate=0 stage=hover
[train] steps=20468 upd=3950 sps=7.7 ups=1.5 wm=2.06 actor=-0.27 ep_r=-19.549999237060547 gate=0 stage=hover
[train] steps=20657 upd=4000 sps=7.6 ups=1.5 wm=1.93 actor=-0.29 ep_r=-19.8700008392334 gate=0 stage=hover
[train] steps=20852 upd=4050 sps=7.6 ups=1.5 wm=1.99 actor=-0.46 ep_r=-20.350000381469727 gate=0 stage=hover
[train] steps=21027 upd=4100 sps=7.6 ups=1.5 wm=1.96 actor=-0.28 ep_r=-19.579999923706055 gate=0 stage=hover
[train] steps=21256 upd=4150 sps=7.6 ups=1.5 wm=2.02 actor=-0.33 ep_r=-20.780000686645508 gate=0 stage=hover
[train] steps=21521 upd=4200 sps=7.6 ups=1.5 wm=1.98 actor=-0.28 ep_r=-21.18000030517578 gate=0 stage=hover
[train] steps=21704 upd=4250 sps=7.6 ups=1.5 wm=1.93 actor=-0.40 ep_r=-20.760000228881836 gate=0 stage=hover
[train] steps=21920 upd=4300 sps=7.5 ups=1.5 wm=2.03 actor=-0.17 ep_r=-21.09000015258789 gate=0 stage=hover
[train] steps=22154 upd=4350 sps=7.5 ups=1.5 wm=1.93 actor=-0.14 ep_r=-20.420000076293945 gate=0 stage=hover
[train] steps=22345 upd=4400 sps=7.5 ups=1.5 wm=1.87 actor=-0.17 ep_r=-20.239999771118164 gate=0 stage=hover
[train] steps=22457 upd=4450 sps=7.5 ups=1.5 wm=1.99 actor=-0.13 ep_r=-20.06999969482422 gate=0 stage=hover
[train] steps=22689 upd=4500 sps=7.5 ups=1.5 wm=1.96 actor=0.01 ep_r=-20.059999465942383 gate=0 stage=hover
[train] steps=22982 upd=4550 sps=7.5 ups=1.5 wm=1.83 actor=-0.04 ep_r=-20.030000686645508 gate=0 stage=hover
[train] steps=23121 upd=4600 sps=7.5 ups=1.5 wm=1.89 actor=0.04 ep_r=-20.989999771118164 gate=0 stage=hover
[train] steps=23288 upd=4650 sps=7.4 ups=1.5 wm=2.08 actor=-0.10 ep_r=-20.8799991607666 gate=0 stage=hover
[train] steps=23563 upd=4700 sps=7.4 ups=1.5 wm=1.91 actor=0.07 ep_r=-20.170000076293945 gate=0 stage=hover
[train] steps=23879 upd=4750 sps=7.5 ups=1.5 wm=1.97 actor=-0.05 ep_r=-20.450000762939453 gate=0 stage=hover
[train] steps=24080 upd=4800 sps=7.4 ups=1.5 wm=1.88 actor=-0.07 ep_r=-20.799999237060547 gate=0 stage=hover
[train] steps=24382 upd=4850 sps=7.4 ups=1.5 wm=1.91 actor=0.01 ep_r=-20.6299991607666 gate=0 stage=hover
[train] steps=24684 upd=4900 sps=7.5 ups=1.5 wm=1.92 actor=-0.11 ep_r=-20.270000457763672 gate=0 stage=hover
[train] steps=24982 upd=4950 sps=7.5 ups=1.5 wm=1.99 actor=-0.09 ep_r=-20.190000534057617 gate=0 stage=hover
[train] steps=25336 upd=5000 sps=7.5 ups=1.5 wm=2.01 actor=-0.08 ep_r=-20.15999984741211 gate=0 stage=hover
[train] steps=25640 upd=5050 sps=7.5 ups=1.5 wm=1.87 actor=-0.00 ep_r=-21.010000228881836 gate=0 stage=hover
[train] steps=26013 upd=5100 sps=7.5 ups=1.5 wm=1.93 actor=0.05 ep_r=-22.239999771118164 gate=0 stage=hover
[train] steps=26246 upd=5150 sps=7.5 ups=1.5 wm=1.95 actor=0.05 ep_r=-19.780000686645508 gate=0 stage=hover
[train] steps=26492 upd=5200 sps=7.5 ups=1.5 wm=1.86 actor=-0.00 ep_r=-20.0 gate=0 stage=hover
[train] steps=26786 upd=5250 sps=7.5 ups=1.5 wm=1.89 actor=-0.10 ep_r=-19.649999618530273 gate=0 stage=hover
[train] steps=27079 upd=5300 sps=7.5 ups=1.5 wm=2.04 actor=-0.05 ep_r=-20.399999618530273 gate=0 stage=hover
[train] steps=27308 upd=5350 sps=7.5 ups=1.5 wm=1.91 actor=-0.11 ep_r=-20.239999771118164 gate=0 stage=hover
[train] steps=27540 upd=5400 sps=7.5 ups=1.5 wm=1.93 actor=-0.25 ep_r=-20.079999923706055 gate=0 stage=hover
[train] steps=27775 upd=5450 sps=7.5 ups=1.5 wm=1.95 actor=-0.33 ep_r=-19.0 gate=0 stage=hover
[train] steps=28004 upd=5500 sps=7.5 ups=1.5 wm=1.86 actor=-0.35 ep_r=-19.290000915527344 gate=0 stage=hover
[train] steps=28197 upd=5550 sps=7.5 ups=1.5 wm=1.89 actor=-0.42 ep_r=-18.540000915527344 gate=0 stage=hover
[train] steps=28435 upd=5600 sps=7.5 ups=1.5 wm=1.88 actor=-0.29 ep_r=-18.290000915527344 gate=0 stage=hover
[train] steps=28661 upd=5650 sps=7.5 ups=1.5 wm=1.80 actor=-0.25 ep_r=-18.610000610351562 gate=0 stage=hover
[train] steps=28883 upd=5700 sps=7.5 ups=1.5 wm=1.86 actor=-0.30 ep_r=-20.68000030517578 gate=0 stage=hover
[train] steps=29108 upd=5750 sps=7.5 ups=1.5 wm=1.99 actor=-0.42 ep_r=-17.559999465942383 gate=0 stage=hover
[train] steps=29350 upd=5800 sps=7.5 ups=1.5 wm=1.94 actor=-0.37 ep_r=-18.639999389648438 gate=0 stage=hover
[train] steps=29597 upd=5850 sps=7.5 ups=1.5 wm=1.81 actor=-0.39 ep_r=-20.600000381469727 gate=0 stage=hover
[train] steps=29855 upd=5900 sps=7.5 ups=1.5 wm=1.86 actor=-0.44 ep_r=-20.209999084472656 gate=0 stage=hover
[train] checkpoint -> artifacts/runs/dreamer_small_1784878651/ckpt_30020.pt
[train] steps=30095 upd=5950 sps=7.4 ups=1.5 wm=1.87 actor=-0.38 ep_r=-20.93000030517578 gate=0 stage=hover
[train] steps=30334 upd=6000 sps=7.4 ups=1.5 wm=1.84 actor=-0.42 ep_r=-18.139999389648438 gate=0 stage=hover
[train] steps=30611 upd=6050 sps=7.4 ups=1.5 wm=1.88 actor=-0.23 ep_r=-18.75 gate=0 stage=hover
[train] steps=30890 upd=6100 sps=7.4 ups=1.5 wm=1.81 actor=-0.26 ep_r=-20.059999465942383 gate=0 stage=hover
[train] steps=31124 upd=6150 sps=7.4 ups=1.5 wm=1.82 actor=-0.17 ep_r=-17.719999313354492 gate=0 stage=hover
[train] steps=31362 upd=6200 sps=7.4 ups=1.5 wm=1.83 actor=-0.18 ep_r=-19.040000915527344 gate=0 stage=hover
[train] steps=31643 upd=6250 sps=7.4 ups=1.5 wm=1.88 actor=-0.10 ep_r=-20.6299991607666 gate=0 stage=hover
[train] steps=31964 upd=6300 sps=7.5 ups=1.5 wm=1.92 actor=-0.09 ep_r=-21.860000610351562 gate=0 stage=hover
[train] steps=32259 upd=6350 sps=7.5 ups=1.5 wm=1.82 actor=0.01 ep_r=-19.0 gate=0 stage=hover
[train] steps=32522 upd=6400 sps=7.5 ups=1.5 wm=1.90 actor=0.12 ep_r=-20.75 gate=0 stage=hover
[train] steps=32822 upd=6450 sps=7.5 ups=1.5 wm=1.83 actor=0.01 ep_r=-18.540000915527344 gate=0 stage=hover
[train] steps=33079 upd=6500 sps=7.5 ups=1.5 wm=1.89 actor=-0.10 ep_r=-18.59000015258789 gate=0 stage=hover
[train] steps=33335 upd=6550 sps=7.5 ups=1.5 wm=1.89 actor=0.14 ep_r=-18.610000610351562 gate=0 stage=hover
[train] steps=33587 upd=6600 sps=7.5 ups=1.5 wm=1.85 actor=0.05 ep_r=-20.709999084472656 gate=0 stage=hover
[train] steps=33819 upd=6650 sps=7.5 ups=1.5 wm=1.87 actor=0.07 ep_r=-18.799999237060547 gate=0 stage=hover
[train] steps=34053 upd=6700 sps=7.5 ups=1.5 wm=1.73 actor=0.02 ep_r=-18.719999313354492 gate=0 stage=hover
[train] steps=34299 upd=6750 sps=7.5 ups=1.5 wm=1.91 actor=-0.04 ep_r=-18.719999313354492 gate=0 stage=hover
[train] steps=34553 upd=6800 sps=7.4 ups=1.5 wm=1.83 actor=-0.02 ep_r=-20.440000534057617 gate=0 stage=hover
[train] steps=34871 upd=6850 sps=7.5 ups=1.5 wm=1.90 actor=0.04 ep_r=-18.540000915527344 gate=0 stage=hover
[train] steps=35181 upd=6900 sps=7.5 ups=1.5 wm=1.81 actor=-0.02 ep_r=-20.540000915527344 gate=0 stage=hover
[train] steps=35464 upd=6950 sps=7.5 ups=1.5 wm=1.88 actor=0.07 ep_r=-17.799999237060547 gate=0 stage=hover
[train] steps=35749 upd=7000 sps=7.5 ups=1.5 wm=1.88 actor=0.04 ep_r=-19.09000015258789 gate=0 stage=hover
[train] steps=35972 upd=7050 sps=7.5 ups=1.5 wm=1.81 actor=0.01 ep_r=-20.299999237060547 gate=0 stage=hover
[train] steps=36204 upd=7100 sps=7.5 ups=1.5 wm=1.82 actor=-0.05 ep_r=-20.030000686645508 gate=0 stage=hover
[train] steps=36467 upd=7150 sps=7.5 ups=1.5 wm=1.83 actor=0.06 ep_r=-20.6299991607666 gate=0 stage=hover
[train] steps=36721 upd=7200 sps=7.5 ups=1.5 wm=1.82 actor=0.03 ep_r=-19.100000381469727 gate=0 stage=hover
[train] steps=36971 upd=7250 sps=7.5 ups=1.5 wm=1.86 actor=-0.05 ep_r=-20.219999313354492 gate=0 stage=hover
[train] steps=37215 upd=7300 sps=7.5 ups=1.5 wm=1.86 actor=0.11 ep_r=-18.420000076293945 gate=0 stage=hover
[train] steps=37468 upd=7350 sps=7.5 ups=1.5 wm=1.83 actor=-0.02 ep_r=-20.049999237060547 gate=0 stage=hover
[train] steps=37746 upd=7400 sps=7.5 ups=1.5 wm=1.78 actor=-0.02 ep_r=-19.469999313354492 gate=0 stage=hover
[train] steps=38048 upd=7450 sps=7.5 ups=1.5 wm=1.85 actor=0.02 ep_r=-19.520000457763672 gate=0 stage=hover
[train] steps=38407 upd=7500 sps=7.5 ups=1.5 wm=1.81 actor=-0.01 ep_r=-20.34000015258789 gate=0 stage=hover
[train] steps=38686 upd=7550 sps=7.5 ups=1.5 wm=1.83 actor=-0.02 ep_r=-18.729999542236328 gate=0 stage=hover
[train] steps=38926 upd=7600 sps=7.5 ups=1.5 wm=1.86 actor=0.01 ep_r=-20.479999542236328 gate=0 stage=hover
[train] steps=39185 upd=7650 sps=7.5 ups=1.5 wm=1.94 actor=0.01 ep_r=-18.0 gate=0 stage=hover
[train] steps=39459 upd=7700 sps=7.5 ups=1.5 wm=1.86 actor=-0.04 ep_r=-18.799999237060547 gate=0 stage=hover
[train] steps=39724 upd=7750 sps=7.5 ups=1.5 wm=1.91 actor=-0.05 ep_r=-18.309999465942383 gate=0 stage=hover
[train] steps=39968 upd=7800 sps=7.5 ups=1.5 wm=1.83 actor=-0.08 ep_r=-20.040000915527344 gate=0 stage=hover
[train] checkpoint -> artifacts/runs/dreamer_small_1784878651/ckpt_40020.pt
[train] steps=40237 upd=7850 sps=7.5 ups=1.5 wm=1.83 actor=-0.11 ep_r=-18.6200008392334 gate=0 stage=hover
[train] steps=40524 upd=7900 sps=7.5 ups=1.5 wm=1.82 actor=0.01 ep_r=-17.549999237060547 gate=0 stage=hover
[train] steps=40809 upd=7950 sps=7.5 ups=1.5 wm=1.80 actor=0.01 ep_r=-19.959999084472656 gate=0 stage=hover
[train] steps=41050 upd=8000 sps=7.5 ups=1.5 wm=1.69 actor=0.06 ep_r=-20.040000915527344 gate=0 stage=hover
[train] steps=41296 upd=8050 sps=7.5 ups=1.5 wm=1.86 actor=-0.01 ep_r=-18.989999771118164 gate=0 stage=hover
[train] steps=41599 upd=8100 sps=7.5 ups=1.5 wm=1.76 actor=0.05 ep_r=-20.530000686645508 gate=0 stage=hover
[train] steps=41841 upd=8150 sps=7.5 ups=1.5 wm=1.82 actor=-0.02 ep_r=-18.31999969482422 gate=0 stage=hover
[train] steps=42078 upd=8200 sps=7.5 ups=1.5 wm=1.82 actor=0.02 ep_r=-18.719999313354492 gate=0 stage=hover
[train] steps=42315 upd=8250 sps=7.5 ups=1.5 wm=1.75 actor=-0.00 ep_r=-18.770000457763672 gate=0 stage=hover
[train] steps=42546 upd=8300 sps=7.5 ups=1.5 wm=1.89 actor=-0.11 ep_r=-19.170000076293945 gate=0 stage=hover
[train] steps=42818 upd=8350 sps=7.5 ups=1.5 wm=1.74 actor=-0.08 ep_r=-18.549999237060547 gate=0 stage=hover
[train] steps=43026 upd=8400 sps=7.5 ups=1.5 wm=1.81 actor=-0.09 ep_r=-17.610000610351562 gate=0 stage=hover
[train] steps=43258 upd=8450 sps=7.5 ups=1.5 wm=1.78 actor=-0.14 ep_r=-18.579999923706055 gate=0 stage=hover
[train] steps=43486 upd=8500 sps=7.5 ups=1.5 wm=1.78 actor=-0.14 ep_r=-19.049999237060547 gate=0 stage=hover
[train] steps=43728 upd=8550 sps=7.5 ups=1.5 wm=1.75 actor=-0.17 ep_r=-19.139999389648438 gate=0 stage=hover
[train] steps=43953 upd=8600 sps=7.4 ups=1.5 wm=1.76 actor=-0.11 ep_r=-18.700000762939453 gate=0 stage=hover
[train] steps=44172 upd=8650 sps=7.4 ups=1.5 wm=1.77 actor=-0.16 ep_r=-20.190000534057617 gate=0 stage=hover
[train] steps=44404 upd=8700 sps=7.4 ups=1.5 wm=1.78 actor=-0.10 ep_r=-19.93000030517578 gate=0 stage=hover
[train] steps=44644 upd=8750 sps=7.4 ups=1.5 wm=1.85 actor=-0.07 ep_r=-19.90999984741211 gate=0 stage=hover
[train] steps=44868 upd=8800 sps=7.4 ups=1.5 wm=1.80 actor=-0.07 ep_r=-20.049999237060547 gate=0 stage=hover
[train] steps=45139 upd=8850 sps=7.4 ups=1.5 wm=1.65 actor=0.05 ep_r=-20.0 gate=0 stage=hover
[train] steps=45366 upd=8900 sps=7.4 ups=1.5 wm=1.84 actor=-0.02 ep_r=-20.15999984741211 gate=0 stage=hover
[train] steps=45610 upd=8950 sps=7.4 ups=1.5 wm=1.86 actor=-0.01 ep_r=-20.010000228881836 gate=0 stage=hover
[train] steps=45851 upd=9000 sps=7.4 ups=1.5 wm=1.82 actor=0.03 ep_r=-19.270000457763672 gate=0 stage=hover
[train] steps=46078 upd=9050 sps=7.4 ups=1.5 wm=1.76 actor=-0.09 ep_r=-18.950000762939453 gate=0 stage=hover
[train] steps=46317 upd=9100 sps=7.4 ups=1.5 wm=1.74 actor=-0.04 ep_r=-19.65999984741211 gate=0 stage=hover
[train] steps=46559 upd=9150 sps=7.4 ups=1.5 wm=1.73 actor=-0.08 ep_r=-19.040000915527344 gate=0 stage=hover
[train] steps=46784 upd=9200 sps=7.4 ups=1.5 wm=1.73 actor=-0.04 ep_r=-19.93000030517578 gate=0 stage=hover
[train] steps=47035 upd=9250 sps=7.4 ups=1.5 wm=1.83 actor=-0.06 ep_r=-18.8700008392334 gate=0 stage=hover
[train] steps=47275 upd=9300 sps=7.4 ups=1.5 wm=1.76 actor=-0.08 ep_r=-18.450000762939453 gate=0 stage=hover
[train] steps=47518 upd=9350 sps=7.4 ups=1.5 wm=1.79 actor=0.01 ep_r=-19.229999542236328 gate=0 stage=hover
[train] steps=47751 upd=9400 sps=7.4 ups=1.5 wm=1.81 actor=-0.13 ep_r=-18.549999237060547 gate=0 stage=hover
[train] steps=47966 upd=9450 sps=7.4 ups=1.5 wm=1.85 actor=0.00 ep_r=-18.549999237060547 gate=0 stage=hover
[train] steps=48160 upd=9500 sps=7.4 ups=1.5 wm=1.76 actor=-0.10 ep_r=-18.770000457763672 gate=0 stage=hover
[train] steps=48373 upd=9550 sps=7.4 ups=1.5 wm=1.81 actor=-0.09 ep_r=-18.270000457763672 gate=0 stage=hover
[train] steps=48576 upd=9600 sps=7.4 ups=1.5 wm=1.72 actor=-0.07 ep_r=-20.010000228881836 gate=0 stage=hover
[train] steps=48778 upd=9650 sps=7.4 ups=1.5 wm=1.84 actor=-0.09 ep_r=-18.5 gate=0 stage=hover
[train] steps=49009 upd=9700 sps=7.4 ups=1.5 wm=1.72 actor=-0.03 ep_r=-18.139999389648438 gate=0 stage=hover
[train] steps=49211 upd=9750 sps=7.4 ups=1.5 wm=1.74 actor=-0.18 ep_r=-19.889999389648438 gate=0 stage=hover
[train] steps=49425 upd=9800 sps=7.4 ups=1.5 wm=1.74 actor=-0.09 ep_r=-18.600000381469727 gate=0 stage=hover
[train] steps=49637 upd=9850 sps=7.4 ups=1.5 wm=1.81 actor=-0.12 ep_r=-19.09000015258789 gate=0 stage=hover
[train] steps=49850 upd=9900 sps=7.4 ups=1.5 wm=1.73 actor=-0.12 ep_r=-20.190000534057617 gate=0 stage=hover
[train] checkpoint -> artifacts/runs/dreamer_small_1784878651/ckpt_50020.pt
[train] steps=50068 upd=9950 sps=7.4 ups=1.5 wm=1.79 actor=-0.09 ep_r=-20.059999465942383 gate=0 stage=hover
[train] steps=50266 upd=10000 sps=7.4 ups=1.5 wm=1.76 actor=-0.10 ep_r=-20.010000228881836 gate=0 stage=hover
[train] steps=50466 upd=10050 sps=7.3 ups=1.5 wm=1.74 actor=-0.13 ep_r=-19.579999923706055 gate=0 stage=hover
[train] steps=50673 upd=10100 sps=7.3 ups=1.5 wm=1.79 actor=-0.09 ep_r=-20.100000381469727 gate=0 stage=hover
[train] steps=50898 upd=10150 sps=7.3 ups=1.5 wm=1.73 actor=-0.11 ep_r=-19.09000015258789 gate=0 stage=hover
[train] steps=51122 upd=10200 sps=7.3 ups=1.5 wm=1.78 actor=-0.08 ep_r=-20.100000381469727 gate=0 stage=hover
[train] steps=51343 upd=10250 sps=7.3 ups=1.5 wm=1.72 actor=-0.16 ep_r=-20.0 gate=0 stage=hover
[train] steps=51572 upd=10300 sps=7.3 ups=1.5 wm=1.77 actor=-0.11 ep_r=-19.850000381469727 gate=0 stage=hover
[train] steps=51782 upd=10350 sps=7.3 ups=1.5 wm=1.66 actor=-0.18 ep_r=-18.850000381469727 gate=0 stage=hover
[train] steps=51999 upd=10400 sps=7.3 ups=1.5 wm=1.78 actor=-0.10 ep_r=-20.020000457763672 gate=0 stage=hover
[train] steps=52227 upd=10450 sps=7.3 ups=1.5 wm=1.69 actor=-0.13 ep_r=-18.600000381469727 gate=0 stage=hover
[train] steps=52460 upd=10500 sps=7.3 ups=1.5 wm=1.72 actor=-0.14 ep_r=-18.950000762939453 gate=0 stage=hover
[train] steps=52703 upd=10550 sps=7.3 ups=1.5 wm=1.73 actor=-0.07 ep_r=-18.979999542236328 gate=0 stage=hover
[train] steps=52920 upd=10600 sps=7.3 ups=1.5 wm=1.74 actor=-0.14 ep_r=-18.75 gate=0 stage=hover
[train] steps=53112 upd=10650 sps=7.3 ups=1.5 wm=1.82 actor=-0.14 ep_r=-18.1200008392334 gate=0 stage=hover
[train] steps=53343 upd=10700 sps=7.3 ups=1.5 wm=1.77 actor=-0.16 ep_r=-20.059999465942383 gate=0 stage=hover
[train] steps=53543 upd=10750 sps=7.3 ups=1.5 wm=1.74 actor=-0.12 ep_r=-19.690000534057617 gate=0 stage=hover
[train] steps=53742 upd=10800 sps=7.3 ups=1.5 wm=1.70 actor=-0.07 ep_r=-18.260000228881836 gate=0 stage=hover
[train] steps=53931 upd=10850 sps=7.3 ups=1.5 wm=1.76 actor=-0.16 ep_r=-19.989999771118164 gate=0 stage=hover
[train] steps=54111 upd=10900 sps=7.3 ups=1.5 wm=1.72 actor=-0.17 ep_r=-20.139999389648438 gate=0 stage=hover
[train] steps=54311 upd=10950 sps=7.3 ups=1.5 wm=1.80 actor=-0.17 ep_r=-19.040000915527344 gate=0 stage=hover
[train] steps=54500 upd=11000 sps=7.3 ups=1.5 wm=1.76 actor=-0.09 ep_r=-19.020000457763672 gate=0 stage=hover
[train] steps=54708 upd=11050 sps=7.3 ups=1.5 wm=1.76 actor=-0.08 ep_r=-19.829999923706055 gate=0 stage=hover
[train] steps=54924 upd=11100 sps=7.3 ups=1.5 wm=1.74 actor=-0.11 ep_r=-18.799999237060547 gate=0 stage=hover
[train] steps=55154 upd=11150 sps=7.3 ups=1.5 wm=1.81 actor=-0.15 ep_r=-18.729999542236328 gate=0 stage=hover
[train] steps=55358 upd=11200 sps=7.3 ups=1.5 wm=1.72 actor=-0.12 ep_r=-18.65999984741211 gate=0 stage=hover
[train] steps=55583 upd=11250 sps=7.3 ups=1.5 wm=1.79 actor=-0.13 ep_r=-19.899999618530273 gate=0 stage=hover
[train] steps=55783 upd=11300 sps=7.2 ups=1.5 wm=1.74 actor=-0.09 ep_r=-18.3799991607666 gate=0 stage=hover
[train] steps=55984 upd=11350 sps=7.2 ups=1.5 wm=1.71 actor=-0.10 ep_r=-18.649999618530273 gate=0 stage=hover
[train] steps=56188 upd=11400 sps=7.2 ups=1.5 wm=1.72 actor=-0.13 ep_r=-20.1200008392334 gate=0 stage=hover
[train] steps=56395 upd=11450 sps=7.2 ups=1.5 wm=1.76 actor=-0.09 ep_r=-20.059999465942383 gate=0 stage=hover
[train] steps=56581 upd=11500 sps=7.2 ups=1.5 wm=1.76 actor=-0.10 ep_r=-18.899999618530273 gate=0 stage=hover
[train] steps=56764 upd=11550 sps=7.2 ups=1.5 wm=1.65 actor=-0.10 ep_r=-19.290000915527344 gate=0 stage=hover
[train] steps=56988 upd=11600 sps=7.2 ups=1.5 wm=1.71 actor=-0.06 ep_r=-18.639999389648438 gate=0 stage=hover
[train] steps=57193 upd=11650 sps=7.2 ups=1.5 wm=1.66 actor=-0.10 ep_r=-18.229999542236328 gate=0 stage=hover
[train] steps=57373 upd=11700 sps=7.2 ups=1.5 wm=1.73 actor=-0.07 ep_r=-18.8799991607666 gate=0 stage=hover
[train] steps=57551 upd=11750 sps=7.2 ups=1.5 wm=1.74 actor=-0.08 ep_r=-19.450000762939453 gate=0 stage=hover
[train] steps=57751 upd=11800 sps=7.2 ups=1.5 wm=1.63 actor=-0.03 ep_r=-19.6200008392334 gate=0 stage=hover
[train] steps=57968 upd=11850 sps=7.2 ups=1.5 wm=1.81 actor=-0.12 ep_r=-18.559999465942383 gate=0 stage=hover
[train] steps=58190 upd=11900 sps=7.2 ups=1.5 wm=1.69 actor=-0.13 ep_r=-20.110000610351562 gate=0 stage=hover
[train] steps=58430 upd=11950 sps=7.2 ups=1.5 wm=1.79 actor=0.05 ep_r=-19.030000686645508 gate=0 stage=hover
[train] steps=58640 upd=12000 sps=7.2 ups=1.5 wm=1.72 actor=-0.09 ep_r=-18.690000534057617 gate=0 stage=hover
[train] steps=58890 upd=12050 sps=7.2 ups=1.5 wm=1.79 actor=-0.07 ep_r=-18.450000762939453 gate=0 stage=hover
[train] steps=59097 upd=12100 sps=7.2 ups=1.5 wm=1.67 actor=-0.05 ep_r=-18.299999237060547 gate=0 stage=hover
[train] steps=59301 upd=12150 sps=7.2 ups=1.5 wm=1.65 actor=0.00 ep_r=-19.18000030517578 gate=0 stage=hover
[train] steps=59472 upd=12200 sps=7.2 ups=1.5 wm=1.78 actor=-0.06 ep_r=-19.969999313354492 gate=0 stage=hover
[train] steps=59702 upd=12250 sps=7.2 ups=1.5 wm=1.70 actor=-0.02 ep_r=-19.200000762939453 gate=0 stage=hover
[train] steps=59919 upd=12300 sps=7.2 ups=1.5 wm=1.64 actor=-0.06 ep_r=-18.110000610351562 gate=0 stage=hover
[train] checkpoint -> artifacts/runs/dreamer_small_1784878651/ckpt_60032.pt
[train] steps=60172 upd=12350 sps=7.2 ups=1.5 wm=1.83 actor=-0.07 ep_r=-18.360000610351562 gate=0 stage=hover
[train] steps=60373 upd=12400 sps=7.2 ups=1.5 wm=1.72 actor=-0.04 ep_r=-17.780000686645508 gate=0 stage=hover
[train] steps=60622 upd=12450 sps=7.2 ups=1.5 wm=1.73 actor=-0.00 ep_r=-18.899999618530273 gate=0 stage=hover
[train] steps=60840 upd=12500 sps=7.2 ups=1.5 wm=1.69 actor=0.02 ep_r=-18.34000015258789 gate=0 stage=hover
[train] steps=61068 upd=12550 sps=7.2 ups=1.5 wm=1.68 actor=-0.08 ep_r=-18.799999237060547 gate=0 stage=hover
[train] steps=61297 upd=12600 sps=7.2 ups=1.5 wm=1.68 actor=-0.02 ep_r=-18.190000534057617 gate=0 stage=hover
[train] steps=61552 upd=12650 sps=7.2 ups=1.5 wm=1.75 actor=-0.02 ep_r=-18.09000015258789 gate=0 stage=hover
[train] steps=61793 upd=12700 sps=7.2 ups=1.5 wm=1.71 actor=-0.05 ep_r=-20.1299991607666 gate=0 stage=hover
[train] steps=62036 upd=12750 sps=7.2 ups=1.5 wm=1.72 actor=-0.13 ep_r=-18.81999969482422 gate=0 stage=hover
[train] steps=62261 upd=12800 sps=7.2 ups=1.5 wm=1.69 actor=-0.05 ep_r=-17.639999389648438 gate=0 stage=hover
[train] steps=62479 upd=12850 sps=7.2 ups=1.5 wm=1.68 actor=0.01 ep_r=-19.049999237060547 gate=0 stage=hover
[train] steps=62723 upd=12900 sps=7.2 ups=1.5 wm=1.71 actor=-0.03 ep_r=-17.81999969482422 gate=0 stage=hover
[train] steps=62939 upd=12950 sps=7.2 ups=1.5 wm=1.67 actor=-0.01 ep_r=-19.850000381469727 gate=0 stage=hover
[train] steps=63168 upd=13000 sps=7.2 ups=1.5 wm=1.78 actor=-0.08 ep_r=-18.40999984741211 gate=0 stage=hover
[train] steps=63370 upd=13050 sps=7.2 ups=1.5 wm=1.67 actor=0.02 ep_r=-19.329999923706055 gate=0 stage=hover
[train] steps=63581 upd=13100 sps=7.2 ups=1.5 wm=1.75 actor=0.01 ep_r=-18.260000228881836 gate=0 stage=hover
[train] steps=63813 upd=13150 sps=7.1 ups=1.5 wm=1.74 actor=-0.04 ep_r=-17.56999969482422 gate=0 stage=hover
[train] steps=64033 upd=13200 sps=7.1 ups=1.5 wm=1.71 actor=0.02 ep_r=-18.34000015258789 gate=0 stage=hover
[train] steps=64255 upd=13250 sps=7.1 ups=1.5 wm=1.68 actor=-0.05 ep_r=-18.100000381469727 gate=0 stage=hover
[train] steps=64505 upd=13300 sps=7.1 ups=1.5 wm=1.63 actor=-0.01 ep_r=-18.510000228881836 gate=0 stage=hover
[train] steps=64706 upd=13350 sps=7.1 ups=1.5 wm=1.73 actor=0.02 ep_r=-18.219999313354492 gate=0 stage=hover
[train] steps=64923 upd=13400 sps=7.1 ups=1.5 wm=1.67 actor=-0.03 ep_r=-19.450000762939453 gate=0 stage=hover
[train] steps=65167 upd=13450 sps=7.1 ups=1.5 wm=1.73 actor=-0.02 ep_r=-18.8799991607666 gate=0 stage=hover
[train] steps=65414 upd=13500 sps=7.1 ups=1.5 wm=1.64 actor=-0.01 ep_r=-18.100000381469727 gate=0 stage=hover
[train] steps=65629 upd=13550 sps=7.1 ups=1.5 wm=1.75 actor=-0.02 ep_r=-18.59000015258789 gate=0 stage=hover
[train] steps=65857 upd=13600 sps=7.1 ups=1.5 wm=1.67 actor=-0.06 ep_r=-18.8700008392334 gate=0 stage=hover
[train] steps=66084 upd=13650 sps=7.1 ups=1.5 wm=1.75 actor=-0.07 ep_r=-18.510000228881836 gate=0 stage=hover
[train] steps=66314 upd=13700 sps=7.1 ups=1.5 wm=1.71 actor=-0.02 ep_r=-20.079999923706055 gate=0 stage=hover
[train] steps=66534 upd=13750 sps=7.1 ups=1.5 wm=1.74 actor=-0.00 ep_r=-20.09000015258789 gate=0 stage=hover
[train] steps=66761 upd=13800 sps=7.1 ups=1.5 wm=1.77 actor=-0.04 ep_r=-20.610000610351562 gate=0 stage=hover
[train] steps=67089 upd=13850 sps=7.1 ups=1.5 wm=1.70 actor=0.33 ep_r=-21.260000228881836 gate=0 stage=hover
[train] steps=67455 upd=13900 sps=7.1 ups=1.5 wm=1.78 actor=0.15 ep_r=-20.360000610351562 gate=0 stage=hover
[train] steps=67771 upd=13950 sps=7.1 ups=1.5 wm=1.71 actor=0.11 ep_r=-19.979999542236328 gate=0 stage=hover
[train] steps=68080 upd=14000 sps=7.1 ups=1.5 wm=1.57 actor=0.02 ep_r=-18.81999969482422 gate=0 stage=hover
[train] steps=68334 upd=14050 sps=7.1 ups=1.5 wm=1.76 actor=0.05 ep_r=-20.34000015258789 gate=0 stage=hover
[train] steps=68546 upd=14100 sps=7.1 ups=1.5 wm=1.71 actor=0.07 ep_r=-19.920000076293945 gate=0 stage=hover
[train] steps=68824 upd=14150 sps=7.1 ups=1.5 wm=1.66 actor=0.02 ep_r=-19.579999923706055 gate=0 stage=hover
[train] steps=69072 upd=14200 sps=7.1 ups=1.5 wm=1.77 actor=0.06 ep_r=-18.079999923706055 gate=0 stage=hover
[train] steps=69340 upd=14250 sps=7.1 ups=1.5 wm=1.74 actor=0.07 ep_r=-20.09000015258789 gate=0 stage=hover
[train] steps=69559 upd=14300 sps=7.1 ups=1.5 wm=1.65 actor=0.03 ep_r=-17.959999084472656 gate=0 stage=hover
[train] steps=69803 upd=14350 sps=7.1 ups=1.5 wm=1.73 actor=0.03 ep_r=-17.8700008392334 gate=0 stage=hover
[train] checkpoint -> artifacts/runs/dreamer_small_1784878651/ckpt_70039.pt
[train] steps=70059 upd=14400 sps=7.1 ups=1.5 wm=1.67 actor=0.00 ep_r=-18.520000457763672 gate=0 stage=hover
[train] steps=70327 upd=14450 sps=7.1 ups=1.5 wm=1.73 actor=-0.02 ep_r=-18.229999542236328 gate=0 stage=hover
[train] steps=70619 upd=14500 sps=7.1 ups=1.5 wm=1.67 actor=0.01 ep_r=-19.350000381469727 gate=0 stage=hover
[train] steps=70881 upd=14550 sps=7.1 ups=1.5 wm=1.72 actor=-0.03 ep_r=-17.920000076293945 gate=0 stage=hover
[train] steps=71114 upd=14600 sps=7.1 ups=1.5 wm=1.69 actor=-0.04 ep_r=-18.09000015258789 gate=0 stage=hover
[train] steps=71364 upd=14650 sps=7.1 ups=1.5 wm=1.79 actor=-0.04 ep_r=-18.93000030517578 gate=0 stage=hover
[train] steps=71623 upd=14700 sps=7.1 ups=1.5 wm=1.70 actor=-0.04 ep_r=-18.110000610351562 gate=0 stage=hover
[train] steps=71873 upd=14750 sps=7.1 ups=1.5 wm=1.81 actor=0.02 ep_r=-18.5 gate=0 stage=hover
[train] steps=72136 upd=14800 sps=7.1 ups=1.5 wm=1.71 actor=-0.05 ep_r=-19.309999465942383 gate=0 stage=hover
[train] steps=72421 upd=14850 sps=7.2 ups=1.5 wm=1.73 actor=-0.04 ep_r=-18.510000228881836 gate=0 stage=hover
[train] steps=72682 upd=14900 sps=7.2 ups=1.5 wm=1.67 actor=-0.04 ep_r=-17.540000915527344 gate=0 stage=hover
[train] steps=72959 upd=14950 sps=7.2 ups=1.5 wm=1.64 actor=-0.14 ep_r=-20.31999969482422 gate=0 stage=hover
[train] steps=73222 upd=15000 sps=7.2 ups=1.5 wm=1.71 actor=-0.04 ep_r=-19.489999771118164 gate=0 stage=hover
[train] steps=73448 upd=15050 sps=7.2 ups=1.5 wm=1.66 actor=-0.10 ep_r=-18.969999313354492 gate=0 stage=hover
[train] steps=73708 upd=15100 sps=7.2 ups=1.5 wm=1.70 actor=-0.08 ep_r=-19.18000030517578 gate=0 stage=hover
[train] steps=73927 upd=15150 sps=7.2 ups=1.5 wm=1.62 actor=-0.08 ep_r=-18.280000686645508 gate=0 stage=hover
[train] steps=74150 upd=15200 sps=7.1 ups=1.5 wm=1.72 actor=-0.04 ep_r=-18.43000030517578 gate=0 stage=hover
[train] steps=74351 upd=15250 sps=7.1 ups=1.5 wm=1.75 actor=-0.09 ep_r=-17.799999237060547 gate=0 stage=hover
[train] steps=74580 upd=15300 sps=7.1 ups=1.5 wm=1.74 actor=-0.08 ep_r=-20.09000015258789 gate=0 stage=hover
[train] steps=74787 upd=15350 sps=7.1 ups=1.5 wm=1.73 actor=-0.08 ep_r=-17.68000030517578 gate=0 stage=hover
[train] steps=75040 upd=15400 sps=7.1 ups=1.5 wm=1.69 actor=0.01 ep_r=-18.049999237060547 gate=0 stage=hover
[train] steps=75234 upd=15450 sps=7.1 ups=1.5 wm=1.69 actor=-0.02 ep_r=-17.829999923706055 gate=0 stage=hover
[train] steps=75451 upd=15500 sps=7.1 ups=1.5 wm=1.69 actor=-0.10 ep_r=-18.0 gate=0 stage=hover
[train] steps=75638 upd=15550 sps=7.1 ups=1.5 wm=1.67 actor=-0.03 ep_r=-17.829999923706055 gate=0 stage=hover
[train] steps=75867 upd=15600 sps=7.1 ups=1.5 wm=1.65 actor=-0.09 ep_r=-18.139999389648438 gate=0 stage=hover
[train] steps=76060 upd=15650 sps=7.1 ups=1.5 wm=1.67 actor=-0.18 ep_r=-19.68000030517578 gate=0 stage=hover
[train] steps=76317 upd=15700 sps=7.1 ups=1.5 wm=1.71 actor=-0.09 ep_r=-17.860000610351562 gate=0 stage=hover
[train] steps=76524 upd=15750 sps=7.1 ups=1.5 wm=1.73 actor=-0.08 ep_r=-20.059999465942383 gate=0 stage=hover
[train] steps=76728 upd=15800 sps=7.1 ups=1.5 wm=1.68 actor=-0.09 ep_r=-18.040000915527344 gate=0 stage=hover
[train] steps=76944 upd=15850 sps=7.1 ups=1.5 wm=1.67 actor=-0.03 ep_r=-18.030000686645508 gate=0 stage=hover
[train] steps=77202 upd=15900 sps=7.1 ups=1.5 wm=1.66 actor=-0.04 ep_r=-18.84000015258789 gate=0 stage=hover
[train] steps=77458 upd=15950 sps=7.1 ups=1.5 wm=1.68 actor=-0.09 ep_r=-18.969999313354492 gate=0 stage=hover
[train] steps=77692 upd=16000 sps=7.1 ups=1.5 wm=1.65 actor=-0.11 ep_r=-18.559999465942383 gate=0 stage=hover
[train] steps=77908 upd=16050 sps=7.1 ups=1.5 wm=1.71 actor=-0.10 ep_r=-17.68000030517578 gate=0 stage=hover
[train] steps=78169 upd=16100 sps=7.1 ups=1.5 wm=1.72 actor=-0.09 ep_r=-19.020000457763672 gate=0 stage=hover
[train] steps=78430 upd=16150 sps=7.1 ups=1.5 wm=1.68 actor=-0.08 ep_r=-18.329999923706055 gate=0 stage=hover
[train] steps=78667 upd=16200 sps=7.1 ups=1.5 wm=1.70 actor=-0.07 ep_r=-19.06999969482422 gate=0 stage=hover
[train] steps=78926 upd=16250 sps=7.1 ups=1.5 wm=1.67 actor=-0.09 ep_r=-18.8700008392334 gate=0 stage=hover
[train] steps=79301 upd=16300 sps=7.1 ups=1.5 wm=1.65 actor=0.20 ep_r=-18.469999313354492 gate=0 stage=hover
[train] steps=79584 upd=16350 sps=7.1 ups=1.5 wm=1.71 actor=0.00 ep_r=-18.799999237060547 gate=0 stage=hover
[train] steps=79851 upd=16400 sps=7.1 ups=1.5 wm=1.71 actor=-0.05 ep_r=-18.739999771118164 gate=0 stage=hover
[train] checkpoint -> artifacts/runs/dreamer_small_1784878651/ckpt_80055.pt
[train] steps=80106 upd=16450 sps=7.1 ups=1.5 wm=1.64 actor=-0.07 ep_r=-17.780000686645508 gate=0 stage=hover
[train] steps=80350 upd=16500 sps=7.1 ups=1.5 wm=1.63 actor=-0.06 ep_r=-17.5 gate=0 stage=hover
[train] steps=80626 upd=16550 sps=7.1 ups=1.5 wm=1.68 actor=-0.06 ep_r=-17.739999771118164 gate=0 stage=hover
[train] steps=80890 upd=16600 sps=7.1 ups=1.5 wm=1.74 actor=-0.07 ep_r=-19.170000076293945 gate=0 stage=hover
[train] steps=81167 upd=16650 sps=7.1 ups=1.5 wm=1.66 actor=-0.10 ep_r=-18.059999465942383 gate=0 stage=hover
[train] steps=81431 upd=16700 sps=7.1 ups=1.5 wm=1.68 actor=-0.04 ep_r=-17.739999771118164 gate=0 stage=hover
[train] steps=81681 upd=16750 sps=7.1 ups=1.5 wm=1.63 actor=-0.03 ep_r=-19.3700008392334 gate=0 stage=hover
[train] steps=81921 upd=16800 sps=7.1 ups=1.5 wm=1.71 actor=-0.04 ep_r=-18.100000381469727 gate=0 stage=hover
[train] steps=82140 upd=16850 sps=7.1 ups=1.5 wm=1.66 actor=-0.11 ep_r=-18.299999237060547 gate=0 stage=hover
[train] steps=82373 upd=16900 sps=7.1 ups=1.5 wm=1.69 actor=0.01 ep_r=-17.700000762939453 gate=0 stage=hover
[train] steps=82635 upd=16950 sps=7.1 ups=1.5 wm=1.71 actor=-0.09 ep_r=-18.0 gate=0 stage=hover
[train] steps=82904 upd=17000 sps=7.1 ups=1.5 wm=1.72 actor=-0.12 ep_r=-17.81999969482422 gate=0 stage=hover
[train] steps=83143 upd=17050 sps=7.1 ups=1.5 wm=1.62 actor=-0.09 ep_r=-18.959999084472656 gate=0 stage=hover
[train] steps=83442 upd=17100 sps=7.1 ups=1.5 wm=1.69 actor=-0.02 ep_r=-18.290000915527344 gate=0 stage=hover
[train] steps=83683 upd=17150 sps=7.1 ups=1.5 wm=1.70 actor=-0.06 ep_r=-17.84000015258789 gate=0 stage=hover
[train] steps=83910 upd=17200 sps=7.1 ups=1.5 wm=1.63 actor=-0.02 ep_r=-17.850000381469727 gate=0 stage=hover
[train] steps=84167 upd=17250 sps=7.1 ups=1.5 wm=1.56 actor=-0.07 ep_r=-17.6200008392334 gate=0 stage=hover
[train] steps=84439 upd=17300 sps=7.1 ups=1.5 wm=1.67 actor=-0.07 ep_r=-19.469999313354492 gate=0 stage=hover
[train] steps=84685 upd=17350 sps=7.1 ups=1.5 wm=1.69 actor=-0.04 ep_r=-18.59000015258789 gate=0 stage=hover
[train] steps=84942 upd=17400 sps=7.1 ups=1.5 wm=1.64 actor=-0.04 ep_r=-17.530000686645508 gate=0 stage=hover
[train] steps=85207 upd=17450 sps=7.1 ups=1.5 wm=1.62 actor=-0.08 ep_r=-17.770000457763672 gate=0 stage=hover
[train] steps=85491 upd=17500 sps=7.1 ups=1.5 wm=1.68 actor=-0.09 ep_r=-17.959999084472656 gate=0 stage=hover
[train] steps=85799 upd=17550 sps=7.1 ups=1.5 wm=1.72 actor=-0.05 ep_r=-19.389999389648438 gate=0 stage=hover
[train] steps=86035 upd=17600 sps=7.1 ups=1.5 wm=1.68 actor=-0.04 ep_r=-19.440000534057617 gate=0 stage=hover
[train] steps=86295 upd=17650 sps=7.1 ups=1.5 wm=1.68 actor=-0.12 ep_r=-20.06999969482422 gate=0 stage=hover
[train] steps=86552 upd=17700 sps=7.1 ups=1.5 wm=1.68 actor=-0.08 ep_r=-19.09000015258789 gate=0 stage=hover
[train] steps=86803 upd=17750 sps=7.1 ups=1.5 wm=1.63 actor=-0.10 ep_r=-18.93000030517578 gate=0 stage=hover
[train] steps=87050 upd=17800 sps=7.1 ups=1.5 wm=1.69 actor=-0.04 ep_r=-18.530000686645508 gate=0 stage=hover
[train] steps=87327 upd=17850 sps=7.1 ups=1.5 wm=1.64 actor=-0.02 ep_r=-18.600000381469727 gate=0 stage=hover
[train] steps=87573 upd=17900 sps=7.1 ups=1.5 wm=1.71 actor=0.00 ep_r=-18.600000381469727 gate=0 stage=hover
[train] steps=87790 upd=17950 sps=7.1 ups=1.5 wm=1.73 actor=-0.05 ep_r=-18.049999237060547 gate=0 stage=hover
[train] steps=88020 upd=18000 sps=7.1 ups=1.5 wm=1.74 actor=-0.00 ep_r=-17.93000030517578 gate=0 stage=hover
[train] steps=88238 upd=18050 sps=7.1 ups=1.5 wm=1.72 actor=-0.04 ep_r=-17.739999771118164 gate=0 stage=hover
[train] steps=88514 upd=18100 sps=7.1 ups=1.5 wm=1.65 actor=-0.07 ep_r=-17.899999618530273 gate=0 stage=hover
[train] steps=88739 upd=18150 sps=7.1 ups=1.5 wm=1.63 actor=-0.08 ep_r=-18.350000381469727 gate=0 stage=hover
[train] steps=88946 upd=18200 sps=7.1 ups=1.5 wm=1.72 actor=-0.00 ep_r=-18.6200008392334 gate=0 stage=hover
[train] steps=89200 upd=18250 sps=7.1 ups=1.5 wm=1.73 actor=-0.02 ep_r=-18.799999237060547 gate=0 stage=hover
[train] steps=89468 upd=18300 sps=7.1 ups=1.5 wm=1.65 actor=-0.06 ep_r=-18.959999084472656 gate=0 stage=hover
[train] steps=89692 upd=18350 sps=7.1 ups=1.5 wm=1.73 actor=-0.05 ep_r=-17.690000534057617 gate=0 stage=hover
[train] steps=89927 upd=18400 sps=7.1 ups=1.5 wm=1.67 actor=-0.05 ep_r=-19.459999084472656 gate=0 stage=hover
[train] checkpoint -> artifacts/runs/dreamer_small_1784878651/ckpt_90069.pt
[train] steps=90189 upd=18450 sps=7.1 ups=1.5 wm=1.76 actor=-0.02 ep_r=-17.6200008392334 gate=0 stage=hover
[train] steps=90452 upd=18500 sps=7.1 ups=1.5 wm=1.74 actor=-0.04 ep_r=-17.93000030517578 gate=0 stage=hover
[train] steps=90727 upd=18550 sps=7.1 ups=1.5 wm=1.76 actor=-0.01 ep_r=-18.299999237060547 gate=0 stage=hover
[train] steps=90966 upd=18600 sps=7.1 ups=1.5 wm=1.61 actor=-0.07 ep_r=-17.8700008392334 gate=0 stage=hover
[train] steps=91163 upd=18650 sps=7.1 ups=1.5 wm=1.70 actor=-0.03 ep_r=-17.6200008392334 gate=0 stage=hover
[train] steps=91404 upd=18700 sps=7.1 ups=1.5 wm=1.68 actor=-0.05 ep_r=-18.040000915527344 gate=0 stage=hover
[train] steps=91662 upd=18750 sps=7.1 ups=1.5 wm=1.67 actor=-0.07 ep_r=-17.979999542236328 gate=0 stage=hover
[train] steps=91914 upd=18800 sps=7.1 ups=1.5 wm=1.68 actor=-0.07 ep_r=-17.799999237060547 gate=0 stage=hover
[train] steps=92156 upd=18850 sps=7.1 ups=1.5 wm=1.64 actor=-0.08 ep_r=-17.850000381469727 gate=0 stage=hover
[train] steps=92386 upd=18900 sps=7.1 ups=1.5 wm=1.64 actor=-0.10 ep_r=-19.8799991607666 gate=0 stage=hover
[train] steps=92615 upd=18950 sps=7.1 ups=1.5 wm=1.67 actor=-0.05 ep_r=-17.8799991607666 gate=0 stage=hover
[train] steps=92889 upd=19000 sps=7.1 ups=1.5 wm=1.70 actor=-0.03 ep_r=-18.1299991607666 gate=0 stage=hover
[train] steps=93164 upd=19050 sps=7.1 ups=1.5 wm=1.63 actor=-0.07 ep_r=-18.09000015258789 gate=0 stage=hover
[train] steps=93419 upd=19100 sps=7.1 ups=1.5 wm=1.72 actor=-0.03 ep_r=-17.809999465942383 gate=0 stage=hover
[train] steps=93684 upd=19150 sps=7.1 ups=1.5 wm=1.64 actor=-0.06 ep_r=-17.93000030517578 gate=0 stage=hover
[train] steps=93976 upd=19200 sps=7.1 ups=1.5 wm=1.64 actor=-0.04 ep_r=-19.219999313354492 gate=0 stage=hover
[train] steps=94244 upd=19250 sps=7.1 ups=1.5 wm=1.69 actor=-0.05 ep_r=-17.899999618530273 gate=0 stage=hover
[train] steps=94513 upd=19300 sps=7.1 ups=1.5 wm=1.68 actor=-0.04 ep_r=-17.81999969482422 gate=0 stage=hover
[train] steps=94763 upd=19350 sps=7.1 ups=1.5 wm=1.69 actor=-0.06 ep_r=-18.010000228881836 gate=0 stage=hover
[train] steps=95038 upd=19400 sps=7.1 ups=1.5 wm=1.69 actor=-0.08 ep_r=-18.93000030517578 gate=0 stage=hover
[train] steps=95289 upd=19450 sps=7.1 ups=1.5 wm=1.66 actor=0.02 ep_r=-18.780000686645508 gate=0 stage=hover
[train] steps=95522 upd=19500 sps=7.1 ups=1.5 wm=1.66 actor=-0.07 ep_r=-18.850000381469727 gate=0 stage=hover
[train] steps=95761 upd=19550 sps=7.1 ups=1.5 wm=1.70 actor=-0.09 ep_r=-18.920000076293945 gate=0 stage=hover
[train] steps=96025 upd=19600 sps=7.1 ups=1.5 wm=1.60 actor=-0.08 ep_r=-18.190000534057617 gate=0 stage=hover
[train] steps=96256 upd=19650 sps=7.1 ups=1.5 wm=1.73 actor=-0.03 ep_r=-17.780000686645508 gate=0 stage=hover
[train] steps=96534 upd=19700 sps=7.1 ups=1.5 wm=1.62 actor=-0.07 ep_r=-17.959999084472656 gate=0 stage=hover
[train] steps=96794 upd=19750 sps=7.1 ups=1.5 wm=1.75 actor=-0.03 ep_r=-17.559999465942383 gate=0 stage=hover
[train] steps=97003 upd=19800 sps=7.1 ups=1.5 wm=1.71 actor=-0.07 ep_r=-17.93000030517578 gate=0 stage=hover
[train] steps=97254 upd=19850 sps=7.1 ups=1.5 wm=1.63 actor=-0.06 ep_r=-18.450000762939453 gate=0 stage=hover
[train] steps=97523 upd=19900 sps=7.1 ups=1.5 wm=1.70 actor=-0.03 ep_r=-18.059999465942383 gate=0 stage=hover
[train] steps=97774 upd=19950 sps=7.1 ups=1.5 wm=1.69 actor=-0.04 ep_r=-17.65999984741211 gate=0 stage=hover
[train] steps=98041 upd=20000 sps=7.1 ups=1.5 wm=1.67 actor=-0.04 ep_r=-18.889999389648438 gate=0 stage=hover
[train] steps=98346 upd=20050 sps=7.1 ups=1.5 wm=1.61 actor=-0.07 ep_r=-18.270000457763672 gate=0 stage=hover
[train] steps=98592 upd=20100 sps=7.1 ups=1.5 wm=1.68 actor=-0.04 ep_r=-18.059999465942383 gate=0 stage=hover
[train] steps=98848 upd=20150 sps=7.1 ups=1.5 wm=1.63 actor=-0.03 ep_r=-17.68000030517578 gate=0 stage=hover
[train] steps=99097 upd=20200 sps=7.1 ups=1.5 wm=1.70 actor=-0.02 ep_r=-18.010000228881836 gate=0 stage=hover
[train] steps=99387 upd=20250 sps=7.1 ups=1.5 wm=1.64 actor=-0.06 ep_r=-19.350000381469727 gate=0 stage=hover
[train] steps=99714 upd=20300 sps=7.1 ups=1.4 wm=1.63 actor=0.00 ep_r=-17.75 gate=0 stage=hover
[train] steps=100017 upd=20350 sps=7.1 ups=1.4 wm=1.64 actor=0.06 ep_r=-18.579999923706055 gate=0 stage=hover
[train] checkpoint -> artifacts/runs/dreamer_small_1784878651/ckpt_100076.pt
[train] steps=100311 upd=20400 sps=7.1 ups=1.4 wm=1.69 actor=0.02 ep_r=-19.260000228881836 gate=0 stage=hover
[train] steps=100613 upd=20450 sps=7.1 ups=1.4 wm=1.63 actor=0.00 ep_r=-18.079999923706055 gate=0 stage=hover
[train] steps=100901 upd=20500 sps=7.1 ups=1.4 wm=1.60 actor=-0.00 ep_r=-18.450000762939453 gate=0 stage=hover
[train] steps=101185 upd=20550 sps=7.1 ups=1.4 wm=1.69 actor=0.03 ep_r=-17.450000762939453 gate=0 stage=hover
[train] steps=101496 upd=20600 sps=7.1 ups=1.4 wm=1.70 actor=-0.03 ep_r=-18.600000381469727 gate=0 stage=hover
[train] steps=101799 upd=20650 sps=7.1 ups=1.4 wm=1.73 actor=-0.00 ep_r=-18.1200008392334 gate=0 stage=hover
[train] steps=102097 upd=20700 sps=7.1 ups=1.4 wm=1.68 actor=-0.03 ep_r=-18.68000030517578 gate=0 stage=hover
[train] steps=102422 upd=20750 sps=7.1 ups=1.4 wm=1.67 actor=-0.01 ep_r=-18.780000686645508 gate=0 stage=hover
[train] steps=102750 upd=20800 sps=7.1 ups=1.4 wm=1.71 actor=-0.01 ep_r=-19.559999465942383 gate=0 stage=hover
[train] steps=103038 upd=20850 sps=7.1 ups=1.4 wm=1.74 actor=-0.03 ep_r=-18.559999465942383 gate=0 stage=hover
[train] steps=103356 upd=20900 sps=7.1 ups=1.4 wm=1.72 actor=-0.04 ep_r=-17.920000076293945 gate=0 stage=hover
[train] steps=103674 upd=20950 sps=7.1 ups=1.4 wm=1.62 actor=-0.00 ep_r=-18.81999969482422 gate=0 stage=hover
[train] steps=103973 upd=21000 sps=7.1 ups=1.4 wm=1.70 actor=-0.02 ep_r=-18.139999389648438 gate=0 stage=hover
[train] steps=104236 upd=21050 sps=7.1 ups=1.4 wm=1.71 actor=-0.06 ep_r=-17.850000381469727 gate=0 stage=hover
[train] steps=104567 upd=21100 sps=7.2 ups=1.4 wm=1.69 actor=0.04 ep_r=-18.75 gate=0 stage=hover
[train] steps=104872 upd=21150 sps=7.2 ups=1.4 wm=1.67 actor=0.04 ep_r=-19.06999969482422 gate=0 stage=hover
[train] steps=105176 upd=21200 sps=7.2 ups=1.4 wm=1.67 actor=-0.06 ep_r=-18.889999389648438 gate=0 stage=hover
[train] steps=105486 upd=21250 sps=7.2 ups=1.4 wm=1.66 actor=-0.04 ep_r=-18.219999313354492 gate=0 stage=hover
[train] steps=105750 upd=21300 sps=7.2 ups=1.4 wm=1.68 actor=-0.06 ep_r=-19.280000686645508 gate=0 stage=hover
[train] steps=106056 upd=21350 sps=7.2 ups=1.4 wm=1.68 actor=-0.06 ep_r=-17.989999771118164 gate=0 stage=hover
[train] steps=106346 upd=21400 sps=7.2 ups=1.4 wm=1.68 actor=-0.04 ep_r=-18.200000762939453 gate=0 stage=hover
[train] steps=106651 upd=21450 sps=7.2 ups=1.4 wm=1.61 actor=-0.05 ep_r=-18.1299991607666 gate=0 stage=hover
[train] steps=106922 upd=21500 sps=7.2 ups=1.4 wm=1.74 actor=-0.01 ep_r=-17.850000381469727 gate=0 stage=hover
[train] steps=107193 upd=21550 sps=7.2 ups=1.4 wm=1.67 actor=-0.03 ep_r=-19.860000610351562 gate=0 stage=hover
[train] steps=107497 upd=21600 sps=7.2 ups=1.4 wm=1.66 actor=-0.03 ep_r=-20.860000610351562 gate=0 stage=hover
[train] steps=107750 upd=21650 sps=7.2 ups=1.4 wm=1.72 actor=-0.05 ep_r=-17.649999618530273 gate=0 stage=hover
[train] steps=108002 upd=21700 sps=7.2 ups=1.4 wm=1.68 actor=-0.04 ep_r=-17.979999542236328 gate=0 stage=hover
[train] steps=108304 upd=21750 sps=7.2 ups=1.4 wm=1.70 actor=-0.03 ep_r=-17.649999618530273 gate=0 stage=hover
[train] steps=108577 upd=21800 sps=7.2 ups=1.4 wm=1.68 actor=-0.05 ep_r=-20.100000381469727 gate=0 stage=hover
[train] steps=108857 upd=21850 sps=7.2 ups=1.4 wm=1.66 actor=-0.09 ep_r=-18.790000915527344 gate=0 stage=hover
[train] steps=109120 upd=21900 sps=7.2 ups=1.4 wm=1.72 actor=-0.03 ep_r=-19.209999084472656 gate=0 stage=hover
[train] steps=109403 upd=21950 sps=7.2 ups=1.4 wm=1.70 actor=-0.03 ep_r=-20.110000610351562 gate=0 stage=hover
[train] steps=109688 upd=22000 sps=7.2 ups=1.4 wm=1.58 actor=-0.05 ep_r=-19.149999618530273 gate=0 stage=hover
[train] steps=109978 upd=22050 sps=7.2 ups=1.4 wm=1.68 actor=-0.04 ep_r=-19.440000534057617 gate=0 stage=hover
[train] checkpoint -> artifacts/runs/dreamer_small_1784878651/ckpt_110079.pt
[train] steps=110291 upd=22100 sps=7.2 ups=1.4 wm=1.64 actor=-0.01 ep_r=-18.260000228881836 gate=0 stage=hover
[train] steps=110609 upd=22150 sps=7.2 ups=1.4 wm=1.65 actor=-0.04 ep_r=-17.610000610351562 gate=0 stage=hover
[train] steps=110912 upd=22200 sps=7.2 ups=1.4 wm=1.64 actor=0.01 ep_r=-18.719999313354492 gate=0 stage=hover
[train] steps=111175 upd=22250 sps=7.2 ups=1.4 wm=1.68 actor=-0.06 ep_r=-19.030000686645508 gate=0 stage=hover
[train] steps=111481 upd=22300 sps=7.2 ups=1.4 wm=1.70 actor=-0.03 ep_r=-19.020000457763672 gate=0 stage=hover
[train] steps=111755 upd=22350 sps=7.2 ups=1.4 wm=1.63 actor=-0.01 ep_r=-17.75 gate=0 stage=hover
[train] steps=112030 upd=22400 sps=7.2 ups=1.4 wm=1.69 actor=-0.05 ep_r=-18.440000534057617 gate=0 stage=hover
[train] steps=112306 upd=22450 sps=7.2 ups=1.4 wm=1.63 actor=-0.07 ep_r=-20.030000686645508 gate=0 stage=hover
[train] steps=112568 upd=22500 sps=7.2 ups=1.4 wm=1.62 actor=0.02 ep_r=-18.34000015258789 gate=0 stage=hover
[train] steps=112852 upd=22550 sps=7.2 ups=1.4 wm=1.64 actor=-0.04 ep_r=-17.520000457763672 gate=0 stage=hover
[train] steps=113146 upd=22600 sps=7.2 ups=1.4 wm=1.60 actor=-0.00 ep_r=-18.43000030517578 gate=0 stage=hover
[train] steps=113435 upd=22650 sps=7.2 ups=1.4 wm=1.64 actor=-0.03 ep_r=-18.31999969482422 gate=0 stage=hover
[train] steps=113677 upd=22700 sps=7.2 ups=1.4 wm=1.72 actor=-0.01 ep_r=-18.81999969482422 gate=0 stage=hover
[train] steps=113935 upd=22750 sps=7.2 ups=1.4 wm=1.61 actor=-0.09 ep_r=-18.540000915527344 gate=0 stage=hover
[train] steps=114197 upd=22800 sps=7.2 ups=1.4 wm=1.65 actor=-0.04 ep_r=-19.040000915527344 gate=0 stage=hover
[train] steps=114484 upd=22850 sps=7.2 ups=1.4 wm=1.71 actor=-0.02 ep_r=-19.1200008392334 gate=0 stage=hover
[train] steps=114773 upd=22900 sps=7.2 ups=1.4 wm=1.64 actor=-0.02 ep_r=-17.940000534057617 gate=0 stage=hover
[train] steps=115051 upd=22950 sps=7.2 ups=1.4 wm=1.63 actor=-0.05 ep_r=-18.940000534057617 gate=0 stage=hover
[train] steps=115299 upd=23000 sps=7.2 ups=1.4 wm=1.66 actor=-0.06 ep_r=-17.829999923706055 gate=0 stage=hover
[train] steps=115572 upd=23050 sps=7.2 ups=1.4 wm=1.62 actor=-0.03 ep_r=-18.56999969482422 gate=0 stage=hover
[train] steps=115834 upd=23100 sps=7.2 ups=1.4 wm=1.64 actor=-0.06 ep_r=-19.059999465942383 gate=0 stage=hover
[train] steps=116091 upd=23150 sps=7.2 ups=1.4 wm=1.58 actor=-0.05 ep_r=-18.170000076293945 gate=0 stage=hover
[train] steps=116369 upd=23200 sps=7.2 ups=1.4 wm=1.67 actor=-0.03 ep_r=-18.020000457763672 gate=0 stage=hover
[train] steps=116623 upd=23250 sps=7.2 ups=1.4 wm=1.61 actor=-0.07 ep_r=-17.93000030517578 gate=0 stage=hover
[train] steps=116893 upd=23300 sps=7.2 ups=1.4 wm=1.65 actor=-0.05 ep_r=-18.799999237060547 gate=0 stage=hover
[train] steps=117167 upd=23350 sps=7.2 ups=1.4 wm=1.62 actor=-0.02 ep_r=-18.6200008392334 gate=0 stage=hover
[train] steps=117421 upd=23400 sps=7.2 ups=1.4 wm=1.64 actor=-0.04 ep_r=-18.149999618530273 gate=0 stage=hover
[train] steps=117723 upd=23450 sps=7.2 ups=1.4 wm=1.61 actor=-0.04 ep_r=-18.739999771118164 gate=0 stage=hover
[train] steps=117987 upd=23500 sps=7.2 ups=1.4 wm=1.63 actor=-0.06 ep_r=-20.100000381469727 gate=0 stage=hover
[train] steps=118238 upd=23550 sps=7.2 ups=1.4 wm=1.62 actor=-0.03 ep_r=-18.219999313354492 gate=0 stage=hover
[train] steps=118487 upd=23600 sps=7.2 ups=1.4 wm=1.66 actor=-0.00 ep_r=-18.469999313354492 gate=0 stage=hover
[train] steps=118743 upd=23650 sps=7.2 ups=1.4 wm=1.61 actor=-0.02 ep_r=-18.690000534057617 gate=0 stage=hover
[train] steps=119011 upd=23700 sps=7.2 ups=1.4 wm=1.64 actor=-0.08 ep_r=-18.329999923706055 gate=0 stage=hover
[train] steps=119290 upd=23750 sps=7.2 ups=1.4 wm=1.63 actor=-0.04 ep_r=-19.059999465942383 gate=0 stage=hover
[train] steps=119579 upd=23800 sps=7.2 ups=1.4 wm=1.66 actor=-0.09 ep_r=-17.969999313354492 gate=0 stage=hover
[train] steps=119836 upd=23850 sps=7.2 ups=1.4 wm=1.64 actor=-0.06 ep_r=-18.049999237060547 gate=0 stage=hover
[train] checkpoint -> artifacts/runs/dreamer_small_1784878651/ckpt_120080.pt
[train] steps=120120 upd=23900 sps=7.2 ups=1.4 wm=1.64 actor=-0.05 ep_r=-18.860000610351562 gate=0 stage=hover
[train] steps=120385 upd=23950 sps=7.2 ups=1.4 wm=1.59 actor=-0.04 ep_r=-19.229999542236328 gate=0 stage=hover
[train] steps=120647 upd=24000 sps=7.2 ups=1.4 wm=1.60 actor=-0.07 ep_r=-18.3700008392334 gate=0 stage=hover
[train] steps=120911 upd=24050 sps=7.2 ups=1.4 wm=1.63 actor=-0.07 ep_r=-18.260000228881836 gate=0 stage=hover
[train] steps=121158 upd=24100 sps=7.2 ups=1.4 wm=1.64 actor=-0.01 ep_r=-18.229999542236328 gate=0 stage=hover
[train] steps=121408 upd=24150 sps=7.2 ups=1.4 wm=1.66 actor=-0.00 ep_r=-17.979999542236328 gate=0 stage=hover
[train] steps=121667 upd=24200 sps=7.2 ups=1.4 wm=1.65 actor=-0.01 ep_r=-17.93000030517578 gate=0 stage=hover
[train] steps=121960 upd=24250 sps=7.2 ups=1.4 wm=1.65 actor=0.01 ep_r=-18.59000015258789 gate=0 stage=hover
[train] steps=122241 upd=24300 sps=7.2 ups=1.4 wm=1.61 actor=-0.04 ep_r=-18.670000076293945 gate=0 stage=hover
[train] steps=122529 upd=24350 sps=7.2 ups=1.4 wm=1.65 actor=-0.04 ep_r=-18.190000534057617 gate=0 stage=hover
[train] steps=122802 upd=24400 sps=7.2 ups=1.4 wm=1.60 actor=-0.09 ep_r=-17.93000030517578 gate=0 stage=hover
[train] steps=123091 upd=24450 sps=7.2 ups=1.4 wm=1.66 actor=-0.03 ep_r=-21.209999084472656 gate=0 stage=hover
[train] steps=123418 upd=24500 sps=7.2 ups=1.4 wm=1.63 actor=-0.02 ep_r=-21.59000015258789 gate=0 stage=hover
[train] steps=123716 upd=24550 sps=7.2 ups=1.4 wm=1.73 actor=0.03 ep_r=-18.860000610351562 gate=0 stage=hover
[train] steps=124028 upd=24600 sps=7.2 ups=1.4 wm=1.57 actor=0.05 ep_r=-17.760000228881836 gate=0 stage=hover
[train] steps=124358 upd=24650 sps=7.2 ups=1.4 wm=1.65 actor=0.04 ep_r=-18.950000762939453 gate=0 stage=hover
[train] steps=124656 upd=24700 sps=7.2 ups=1.4 wm=1.67 actor=-0.02 ep_r=-20.010000228881836 gate=0 stage=hover
[train] steps=124828 upd=24750 sps=7.2 ups=1.4 wm=1.69 actor=0.05 ep_r=-20.020000457763672 gate=0 stage=hover
[train] steps=124970 upd=24800 sps=7.2 ups=1.4 wm=1.72 actor=-0.00 ep_r=-20.049999237060547 gate=0 stage=hover
[train] steps=125226 upd=24850 sps=7.2 ups=1.4 wm=1.65 actor=0.01 ep_r=-17.790000915527344 gate=0 stage=hover
[train] steps=125493 upd=24900 sps=7.2 ups=1.4 wm=1.60 actor=0.04 ep_r=-19.25 gate=0 stage=hover
[train] steps=125768 upd=24950 sps=7.2 ups=1.4 wm=1.71 actor=-0.00 ep_r=-18.31999969482422 gate=0 stage=hover
[train] steps=126023 upd=25000 sps=7.2 ups=1.4 wm=1.68 actor=0.01 ep_r=-20.440000534057617 gate=0 stage=hover
[train] steps=126243 upd=25050 sps=7.2 ups=1.4 wm=1.59 actor=0.02 ep_r=-20.030000686645508 gate=0 stage=hover
[train] steps=126475 upd=25100 sps=7.2 ups=1.4 wm=1.71 actor=0.01 ep_r=-18.670000076293945 gate=0 stage=hover
[train] steps=126726 upd=25150 sps=7.2 ups=1.4 wm=1.62 actor=-0.06 ep_r=-19.079999923706055 gate=0 stage=hover
[train] steps=126954 upd=25200 sps=7.2 ups=1.4 wm=1.69 actor=0.01 ep_r=-18.639999389648438 gate=0 stage=hover
[train] steps=127230 upd=25250 sps=7.2 ups=1.4 wm=1.68 actor=0.00 ep_r=-18.829999923706055 gate=0 stage=hover
[train] steps=127465 upd=25300 sps=7.2 ups=1.4 wm=1.66 actor=-0.04 ep_r=-20.209999084472656 gate=0 stage=hover
[train] steps=127660 upd=25350 sps=7.2 ups=1.4 wm=1.60 actor=-0.05 ep_r=-17.43000030517578 gate=0 stage=hover
[train] steps=127878 upd=25400 sps=7.2 ups=1.4 wm=1.58 actor=-0.01 ep_r=-20.079999923706055 gate=0 stage=hover
[train] steps=128119 upd=25450 sps=7.2 ups=1.4 wm=1.65 actor=0.01 ep_r=-18.549999237060547 gate=0 stage=hover
[train] steps=128374 upd=25500 sps=7.2 ups=1.4 wm=1.59 actor=-0.06 ep_r=-17.829999923706055 gate=0 stage=hover
[train] steps=128617 upd=25550 sps=7.2 ups=1.4 wm=1.62 actor=-0.06 ep_r=-18.959999084472656 gate=0 stage=hover
[train] steps=128882 upd=25600 sps=7.2 ups=1.4 wm=1.60 actor=-0.04 ep_r=-19.56999969482422 gate=0 stage=hover
[train] steps=129128 upd=25650 sps=7.2 ups=1.4 wm=1.61 actor=-0.04 ep_r=-17.649999618530273 gate=0 stage=hover
[train] steps=129351 upd=25700 sps=7.2 ups=1.4 wm=1.58 actor=-0.08 ep_r=-19.25 gate=0 stage=hover
[train] steps=129592 upd=25750 sps=7.2 ups=1.4 wm=1.68 actor=-0.04 ep_r=-20.079999923706055 gate=0 stage=hover
[train] steps=129794 upd=25800 sps=7.2 ups=1.4 wm=1.74 actor=-0.04 ep_r=-19.989999771118164 gate=0 stage=hover
[train] steps=130028 upd=25850 sps=7.2 ups=1.4 wm=1.58 actor=-0.05 ep_r=-18.8799991607666 gate=0 stage=hover
[train] checkpoint -> artifacts/runs/dreamer_small_1784878651/ckpt_130088.pt
[train] steps=130284 upd=25900 sps=7.2 ups=1.4 wm=1.69 actor=-0.02 ep_r=-18.75 gate=0 stage=hover
[train] steps=130526 upd=25950 sps=7.2 ups=1.4 wm=1.72 actor=0.00 ep_r=-17.959999084472656 gate=0 stage=hover
[train] steps=130825 upd=26000 sps=7.2 ups=1.4 wm=1.64 actor=-0.02 ep_r=-18.299999237060547 gate=0 stage=hover
[train] steps=131066 upd=26050 sps=7.2 ups=1.4 wm=1.72 actor=-0.03 ep_r=-18.770000457763672 gate=0 stage=hover
[train] steps=131312 upd=26100 sps=7.2 ups=1.4 wm=1.67 actor=-0.01 ep_r=-17.709999084472656 gate=0 stage=hover
[train] steps=131569 upd=26150 sps=7.2 ups=1.4 wm=1.69 actor=-0.04 ep_r=-18.100000381469727 gate=0 stage=hover
[train] steps=131791 upd=26200 sps=7.2 ups=1.4 wm=1.61 actor=-0.06 ep_r=-18.3700008392334 gate=0 stage=hover
[train] steps=132012 upd=26250 sps=7.2 ups=1.4 wm=1.71 actor=-0.04 ep_r=-20.079999923706055 gate=0 stage=hover
[train] steps=132256 upd=26300 sps=7.2 ups=1.4 wm=1.70 actor=-0.05 ep_r=-18.6200008392334 gate=0 stage=hover
[train] steps=132464 upd=26350 sps=7.2 ups=1.4 wm=1.58 actor=-0.05 ep_r=-20.040000915527344 gate=0 stage=hover
[train] steps=132706 upd=26400 sps=7.2 ups=1.4 wm=1.59 actor=-0.02 ep_r=-18.969999313354492 gate=0 stage=hover
[train] steps=132933 upd=26450 sps=7.2 ups=1.4 wm=1.66 actor=-0.04 ep_r=-20.010000228881836 gate=0 stage=hover
[train] steps=133172 upd=26500 sps=7.2 ups=1.4 wm=1.71 actor=-0.03 ep_r=-19.079999923706055 gate=0 stage=hover
[train] steps=133464 upd=26550 sps=7.2 ups=1.4 wm=1.59 actor=-0.05 ep_r=-17.920000076293945 gate=0 stage=hover
[train] steps=133723 upd=26600 sps=7.2 ups=1.4 wm=1.68 actor=-0.01 ep_r=-20.079999923706055 gate=0 stage=hover
[train] steps=133970 upd=26650 sps=7.2 ups=1.4 wm=1.63 actor=-0.06 ep_r=-19.809999465942383 gate=0 stage=hover
[train] steps=134176 upd=26700 sps=7.2 ups=1.4 wm=1.68 actor=-0.03 ep_r=-18.209999084472656 gate=0 stage=hover
[train] steps=134418 upd=26750 sps=7.2 ups=1.4 wm=1.61 actor=-0.01 ep_r=-19.09000015258789 gate=0 stage=hover
[train] steps=134665 upd=26800 sps=7.2 ups=1.4 wm=1.65 actor=-0.04 ep_r=-17.670000076293945 gate=0 stage=hover
[train] steps=134927 upd=26850 sps=7.2 ups=1.4 wm=1.62 actor=-0.02 ep_r=-18.809999465942383 gate=0 stage=hover
[train] steps=135237 upd=26900 sps=7.2 ups=1.4 wm=1.59 actor=-0.04 ep_r=-17.719999313354492 gate=0 stage=hover
[train] steps=135471 upd=26950 sps=7.2 ups=1.4 wm=1.69 actor=-0.04 ep_r=-19.940000534057617 gate=0 stage=hover
[train] steps=135685 upd=27000 sps=7.2 ups=1.4 wm=1.62 actor=-0.06 ep_r=-17.6299991607666 gate=0 stage=hover
[train] steps=135947 upd=27050 sps=7.2 ups=1.4 wm=1.63 actor=-0.05 ep_r=-20.09000015258789 gate=0 stage=hover
[train] steps=136199 upd=27100 sps=7.2 ups=1.4 wm=1.59 actor=-0.03 ep_r=-18.149999618530273 gate=0 stage=hover
[train] steps=136426 upd=27150 sps=7.2 ups=1.4 wm=1.60 actor=-0.05 ep_r=-18.850000381469727 gate=0 stage=hover
[train] steps=136651 upd=27200 sps=7.2 ups=1.4 wm=1.70 actor=-0.05 ep_r=-20.100000381469727 gate=0 stage=hover
[train] steps=136908 upd=27250 sps=7.2 ups=1.4 wm=1.61 actor=-0.00 ep_r=-18.040000915527344 gate=0 stage=hover
[train] steps=137127 upd=27300 sps=7.2 ups=1.4 wm=1.64 actor=-0.01 ep_r=-19.0 gate=0 stage=hover
[train] steps=137388 upd=27350 sps=7.2 ups=1.4 wm=1.65 actor=-0.03 ep_r=-20.1299991607666 gate=0 stage=hover
[train] steps=137608 upd=27400 sps=7.2 ups=1.4 wm=1.62 actor=-0.06 ep_r=-19.850000381469727 gate=0 stage=hover
[train] steps=137878 upd=27450 sps=7.2 ups=1.4 wm=1.60 actor=-0.05 ep_r=-18.559999465942383 gate=0 stage=hover
[train] steps=138091 upd=27500 sps=7.2 ups=1.4 wm=1.66 actor=-0.00 ep_r=-20.09000015258789 gate=0 stage=hover
[train] steps=138320 upd=27550 sps=7.2 ups=1.4 wm=1.58 actor=-0.04 ep_r=-18.139999389648438 gate=0 stage=hover
[train] steps=138545 upd=27600 sps=7.2 ups=1.4 wm=1.65 actor=-0.04 ep_r=-20.1200008392334 gate=0 stage=hover
[train] steps=138773 upd=27650 sps=7.2 ups=1.4 wm=1.60 actor=-0.03 ep_r=-20.139999389648438 gate=0 stage=hover
[train] steps=139010 upd=27700 sps=7.2 ups=1.4 wm=1.64 actor=-0.03 ep_r=-18.239999771118164 gate=0 stage=hover
[train] steps=139228 upd=27750 sps=7.2 ups=1.4 wm=1.65 actor=-0.02 ep_r=-18.329999923706055 gate=0 stage=hover
[train] steps=139461 upd=27800 sps=7.2 ups=1.4 wm=1.65 actor=0.03 ep_r=-18.469999313354492 gate=0 stage=hover
[train] steps=139714 upd=27850 sps=7.2 ups=1.4 wm=1.65 actor=-0.06 ep_r=-18.0 gate=0 stage=hover
[train] steps=139979 upd=27900 sps=7.2 ups=1.4 wm=1.59 actor=-0.05 ep_r=-18.290000915527344 gate=0 stage=hover
[train] checkpoint -> artifacts/runs/dreamer_small_1784878651/ckpt_140094.pt
[train] steps=140236 upd=27950 sps=7.2 ups=1.4 wm=1.58 actor=-0.03 ep_r=-18.209999084472656 gate=0 stage=hover
[train] steps=140497 upd=28000 sps=7.2 ups=1.4 wm=1.59 actor=-0.01 ep_r=-18.93000030517578 gate=0 stage=hover
[train] steps=140690 upd=28050 sps=7.2 ups=1.4 wm=1.58 actor=-0.02 ep_r=-18.920000076293945 gate=0 stage=hover
[train] steps=140912 upd=28100 sps=7.2 ups=1.4 wm=1.66 actor=-0.04 ep_r=-18.3700008392334 gate=0 stage=hover
[train] steps=141111 upd=28150 sps=7.2 ups=1.4 wm=1.67 actor=-0.01 ep_r=-20.079999923706055 gate=0 stage=hover
[train] steps=141316 upd=28200 sps=7.2 ups=1.4 wm=1.60 actor=-0.02 ep_r=-19.969999313354492 gate=0 stage=hover
[train] steps=141518 upd=28250 sps=7.2 ups=1.4 wm=1.57 actor=-0.01 ep_r=-18.350000381469727 gate=0 stage=hover
[train] steps=141713 upd=28300 sps=7.2 ups=1.4 wm=1.62 actor=-0.03 ep_r=-20.09000015258789 gate=0 stage=hover
[train] steps=141947 upd=28350 sps=7.2 ups=1.4 wm=1.69 actor=-0.06 ep_r=-18.450000762939453 gate=0 stage=hover
[train] steps=142171 upd=28400 sps=7.2 ups=1.4 wm=1.64 actor=-0.01 ep_r=-18.559999465942383 gate=0 stage=hover
[train] steps=142419 upd=28450 sps=7.2 ups=1.4 wm=1.64 actor=-0.02 ep_r=-17.84000015258789 gate=0 stage=hover
[train] steps=142638 upd=28500 sps=7.2 ups=1.4 wm=1.66 actor=0.00 ep_r=-20.389999389648438 gate=0 stage=hover
[train] steps=142881 upd=28550 sps=7.2 ups=1.4 wm=1.72 actor=-0.03 ep_r=-18.34000015258789 gate=0 stage=hover
[train] steps=143136 upd=28600 sps=7.2 ups=1.4 wm=1.67 actor=-0.02 ep_r=-18.360000610351562 gate=0 stage=hover
[train] steps=143370 upd=28650 sps=7.2 ups=1.4 wm=1.62 actor=-0.01 ep_r=-18.260000228881836 gate=0 stage=hover
[train] steps=143613 upd=28700 sps=7.2 ups=1.4 wm=1.62 actor=-0.05 ep_r=-18.270000457763672 gate=0 stage=hover
[train] steps=143827 upd=28750 sps=7.2 ups=1.4 wm=1.62 actor=-0.03 ep_r=-18.530000686645508 gate=0 stage=hover
[train] steps=144064 upd=28800 sps=7.2 ups=1.4 wm=1.57 actor=-0.02 ep_r=-17.8799991607666 gate=0 stage=hover
[train] steps=144286 upd=28850 sps=7.2 ups=1.4 wm=1.71 actor=-0.02 ep_r=-18.700000762939453 gate=0 stage=hover
[train] steps=144503 upd=28900 sps=7.2 ups=1.4 wm=1.56 actor=-0.01 ep_r=-18.010000228881836 gate=0 stage=hover
[train] steps=144711 upd=28950 sps=7.2 ups=1.4 wm=1.63 actor=-0.04 ep_r=-19.260000228881836 gate=0 stage=hover
[train] steps=144926 upd=29000 sps=7.2 ups=1.4 wm=1.56 actor=-0.04 ep_r=-18.649999618530273 gate=0 stage=hover
[train] steps=145163 upd=29050 sps=7.2 ups=1.4 wm=1.69 actor=-0.02 ep_r=-19.770000457763672 gate=0 stage=hover
[train] steps=145419 upd=29100 sps=7.2 ups=1.4 wm=1.65 actor=-0.02 ep_r=-18.170000076293945 gate=0 stage=hover
[train] steps=145652 upd=29150 sps=7.2 ups=1.4 wm=1.64 actor=-0.03 ep_r=-19.040000915527344 gate=0 stage=hover
[train] steps=145885 upd=29200 sps=7.2 ups=1.4 wm=1.71 actor=-0.06 ep_r=-18.229999542236328 gate=0 stage=hover
[train] steps=146122 upd=29250 sps=7.2 ups=1.4 wm=1.61 actor=-0.01 ep_r=-18.100000381469727 gate=0 stage=hover
[train] steps=146343 upd=29300 sps=7.2 ups=1.4 wm=1.65 actor=-0.03 ep_r=-20.469999313354492 gate=0 stage=hover
[train] steps=146582 upd=29350 sps=7.2 ups=1.4 wm=1.63 actor=-0.06 ep_r=-20.25 gate=0 stage=hover
[train] steps=146817 upd=29400 sps=7.2 ups=1.4 wm=1.67 actor=-0.04 ep_r=-18.149999618530273 gate=0 stage=hover
[train] steps=147065 upd=29450 sps=7.2 ups=1.4 wm=1.61 actor=-0.03 ep_r=-18.110000610351562 gate=0 stage=hover
[train] steps=147309 upd=29500 sps=7.2 ups=1.4 wm=1.66 actor=-0.01 ep_r=-20.290000915527344 gate=0 stage=hover
[train] steps=147524 upd=29550 sps=7.2 ups=1.4 wm=1.62 actor=-0.05 ep_r=-18.270000457763672 gate=0 stage=hover
[train] steps=147733 upd=29600 sps=7.2 ups=1.4 wm=1.65 actor=-0.04 ep_r=-18.799999237060547 gate=0 stage=hover
[train] steps=147957 upd=29650 sps=7.2 ups=1.4 wm=1.64 actor=-0.05 ep_r=-18.479999542236328 gate=0 stage=hover
[train] steps=148184 upd=29700 sps=7.2 ups=1.4 wm=1.62 actor=-0.02 ep_r=-18.8700008392334 gate=0 stage=hover
[train] steps=148413 upd=29750 sps=7.2 ups=1.4 wm=1.63 actor=-0.05 ep_r=-18.079999923706055 gate=0 stage=hover
[train] steps=148642 upd=29800 sps=7.2 ups=1.4 wm=1.59 actor=-0.03 ep_r=-18.190000534057617 gate=0 stage=hover
[train] steps=148869 upd=29850 sps=7.2 ups=1.4 wm=1.64 actor=-0.03 ep_r=-18.799999237060547 gate=0 stage=hover
[train] steps=149089 upd=29900 sps=7.2 ups=1.4 wm=1.60 actor=-0.03 ep_r=-18.190000534057617 gate=0 stage=hover
[train] steps=149310 upd=29950 sps=7.2 ups=1.4 wm=1.63 actor=-0.06 ep_r=-17.75 gate=0 stage=hover
[train] steps=149526 upd=30000 sps=7.2 ups=1.4 wm=1.61 actor=-0.02 ep_r=-18.65999984741211 gate=0 stage=hover
[train] steps=149762 upd=30050 sps=7.2 ups=1.4 wm=1.61 actor=0.01 ep_r=-18.31999969482422 gate=0 stage=hover
[train] steps=150021 upd=30100 sps=7.2 ups=1.4 wm=1.59 actor=-0.02 ep_r=-18.780000686645508 gate=0 stage=hover
[train] checkpoint -> artifacts/runs/dreamer_small_1784878651/ckpt_150104.pt
[train] steps=150266 upd=30150 sps=7.2 ups=1.4 wm=1.58 actor=-0.05 ep_r=-18.1200008392334 gate=0 stage=hover
[train] steps=150530 upd=30200 sps=7.2 ups=1.4 wm=1.64 actor=-0.02 ep_r=-20.09000015258789 gate=0 stage=hover
[train] steps=150761 upd=30250 sps=7.2 ups=1.4 wm=1.62 actor=-0.01 ep_r=-17.950000762939453 gate=0 stage=hover
[train] steps=150945 upd=30300 sps=7.2 ups=1.4 wm=1.63 actor=-0.05 ep_r=-18.1200008392334 gate=0 stage=hover
[train] steps=151199 upd=30350 sps=7.2 ups=1.4 wm=1.62 actor=-0.04 ep_r=-18.18000030517578 gate=0 stage=hover
[train] steps=151427 upd=30400 sps=7.2 ups=1.4 wm=1.61 actor=-0.03 ep_r=-18.81999969482422 gate=0 stage=hover
[train] steps=151690 upd=30450 sps=7.2 ups=1.4 wm=1.69 actor=-0.07 ep_r=-17.93000030517578 gate=0 stage=hover
[train] steps=151931 upd=30500 sps=7.2 ups=1.4 wm=1.67 actor=-0.01 ep_r=-18.549999237060547 gate=0 stage=hover
[train] steps=152189 upd=30550 sps=7.2 ups=1.4 wm=1.63 actor=-0.07 ep_r=-17.920000076293945 gate=0 stage=hover
[train] steps=152415 upd=30600 sps=7.2 ups=1.4 wm=1.63 actor=-0.05 ep_r=-18.200000762939453 gate=0 stage=hover
[train] steps=152663 upd=30650 sps=7.2 ups=1.4 wm=1.63 actor=-0.04 ep_r=-18.010000228881836 gate=0 stage=hover
[train] steps=152904 upd=30700 sps=7.2 ups=1.4 wm=1.62 actor=-0.03 ep_r=-18.450000762939453 gate=0 stage=hover
[train] steps=153158 upd=30750 sps=7.2 ups=1.4 wm=1.56 actor=-0.02 ep_r=-19.1299991607666 gate=0 stage=hover
[train] steps=153405 upd=30800 sps=7.2 ups=1.4 wm=1.63 actor=-0.03 ep_r=-18.93000030517578 gate=0 stage=hover
[train] steps=153662 upd=30850 sps=7.2 ups=1.4 wm=1.67 actor=-0.02 ep_r=-17.559999465942383 gate=0 stage=hover
[train] steps=153900 upd=30900 sps=7.2 ups=1.4 wm=1.60 actor=-0.03 ep_r=-18.489999771118164 gate=0 stage=hover
[train] steps=154134 upd=30950 sps=7.1 ups=1.4 wm=1.67 actor=-0.03 ep_r=-18.549999237060547 gate=0 stage=hover
[train] steps=154353 upd=31000 sps=7.1 ups=1.4 wm=1.65 actor=-0.02 ep_r=-18.25 gate=0 stage=hover
[train] steps=154598 upd=31050 sps=7.1 ups=1.4 wm=1.71 actor=-0.04 ep_r=-18.6200008392334 gate=0 stage=hover
[train] steps=154822 upd=31100 sps=7.1 ups=1.4 wm=1.59 actor=-0.04 ep_r=-17.579999923706055 gate=0 stage=hover
[train] steps=155079 upd=31150 sps=7.1 ups=1.4 wm=1.64 actor=-0.04 ep_r=-17.84000015258789 gate=0 stage=hover
[train] steps=155306 upd=31200 sps=7.1 ups=1.4 wm=1.59 actor=-0.02 ep_r=-17.860000610351562 gate=0 stage=hover
[train] steps=155509 upd=31250 sps=7.1 ups=1.4 wm=1.59 actor=-0.03 ep_r=-18.229999542236328 gate=0 stage=hover
[train] steps=155702 upd=31300 sps=7.1 ups=1.4 wm=1.66 actor=-0.04 ep_r=-20.3799991607666 gate=0 stage=hover
[train] steps=155917 upd=31350 sps=7.1 ups=1.4 wm=1.61 actor=-0.02 ep_r=-20.479999542236328 gate=0 stage=hover
[train] steps=156123 upd=31400 sps=7.1 ups=1.4 wm=1.65 actor=-0.04 ep_r=-18.459999084472656 gate=0 stage=hover
[train] steps=156302 upd=31450 sps=7.1 ups=1.4 wm=1.64 actor=-0.02 ep_r=-18.469999313354492 gate=0 stage=hover
[train] steps=156416 upd=31500 sps=7.1 ups=1.4 wm=1.59 actor=-0.02 ep_r=-20.049999237060547 gate=0 stage=hover
[train] steps=156633 upd=31550 sps=7.1 ups=1.4 wm=1.58 actor=-0.03 ep_r=-18.6200008392334 gate=0 stage=hover
[train] steps=156837 upd=31600 sps=7.1 ups=1.4 wm=1.68 actor=-0.01 ep_r=-18.0 gate=0 stage=hover
[train] steps=157054 upd=31650 sps=7.1 ups=1.4 wm=1.64 actor=-0.02 ep_r=-17.68000030517578 gate=0 stage=hover
[train] steps=157266 upd=31700 sps=7.1 ups=1.4 wm=1.56 actor=-0.03 ep_r=-18.899999618530273 gate=0 stage=hover
[train] steps=157411 upd=31750 sps=7.1 ups=1.4 wm=1.65 actor=-0.02 ep_r=-19.690000534057617 gate=0 stage=hover
[train] steps=157588 upd=31800 sps=7.1 ups=1.4 wm=1.66 actor=-0.06 ep_r=-18.399999618530273 gate=0 stage=hover
[train] steps=157798 upd=31850 sps=7.1 ups=1.4 wm=1.64 actor=-0.01 ep_r=-18.450000762939453 gate=0 stage=hover
[train] steps=158000 upd=31900 sps=7.1 ups=1.4 wm=1.63 actor=-0.04 ep_r=-19.3700008392334 gate=0 stage=hover
[train] steps=158199 upd=31950 sps=7.1 ups=1.4 wm=1.66 actor=-0.01 ep_r=-19.969999313354492 gate=0 stage=hover
[train] steps=158397 upd=32000 sps=7.1 ups=1.4 wm=1.63 actor=0.02 ep_r=-18.059999465942383 gate=0 stage=hover
[train] steps=158641 upd=32050 sps=7.1 ups=1.4 wm=1.61 actor=-0.05 ep_r=-18.420000076293945 gate=0 stage=hover
[train] steps=158851 upd=32100 sps=7.1 ups=1.4 wm=1.60 actor=-0.02 ep_r=-18.350000381469727 gate=0 stage=hover
[train] steps=159086 upd=32150 sps=7.1 ups=1.4 wm=1.65 actor=-0.03 ep_r=-17.829999923706055 gate=0 stage=hover
[train] steps=159323 upd=32200 sps=7.1 ups=1.4 wm=1.62 actor=-0.04 ep_r=-18.520000457763672 gate=0 stage=hover
[train] steps=159550 upd=32250 sps=7.1 ups=1.4 wm=1.63 actor=-0.02 ep_r=-20.049999237060547 gate=0 stage=hover
[train] steps=159794 upd=32300 sps=7.1 ups=1.4 wm=1.66 actor=-0.04 ep_r=-17.760000228881836 gate=0 stage=hover
[train] steps=160005 upd=32350 sps=7.1 ups=1.4 wm=1.57 actor=-0.08 ep_r=-17.469999313354492 gate=0 stage=hover
[train] checkpoint -> artifacts/runs/dreamer_small_1784878651/ckpt_160114.pt
[train] steps=160241 upd=32400 sps=7.1 ups=1.4 wm=1.61 actor=-0.05 ep_r=-18.56999969482422 gate=0 stage=hover
[train] steps=160486 upd=32450 sps=7.1 ups=1.4 wm=1.61 actor=-0.03 ep_r=-18.31999969482422 gate=0 stage=hover
[train] steps=160719 upd=32500 sps=7.1 ups=1.4 wm=1.57 actor=-0.05 ep_r=-19.81999969482422 gate=0 stage=hover
[train] steps=160961 upd=32550 sps=7.1 ups=1.4 wm=1.59 actor=-0.01 ep_r=-17.739999771118164 gate=0 stage=hover
[train] steps=161206 upd=32600 sps=7.1 ups=1.4 wm=1.56 actor=-0.01 ep_r=-17.940000534057617 gate=0 stage=hover
[train] steps=161420 upd=32650 sps=7.1 ups=1.4 wm=1.63 actor=0.01 ep_r=-17.6200008392334 gate=0 stage=hover
[train] steps=161634 upd=32700 sps=7.1 ups=1.4 wm=1.63 actor=-0.05 ep_r=-18.06999969482422 gate=0 stage=hover
[train] steps=161844 upd=32750 sps=7.1 ups=1.4 wm=1.58 actor=-0.05 ep_r=-18.489999771118164 gate=0 stage=hover
[train] steps=162055 upd=32800 sps=7.1 ups=1.4 wm=1.64 actor=-0.00 ep_r=-17.959999084472656 gate=0 stage=hover
[train] steps=162280 upd=32850 sps=7.1 ups=1.4 wm=1.55 actor=-0.04 ep_r=-17.389999389648438 gate=0 stage=hover
[train] steps=162524 upd=32900 sps=7.1 ups=1.4 wm=1.53 actor=-0.03 ep_r=-18.399999618530273 gate=0 stage=hover
[train] steps=162760 upd=32950 sps=7.1 ups=1.4 wm=1.62 actor=-0.02 ep_r=-18.8799991607666 gate=0 stage=hover
[train] steps=162983 upd=33000 sps=7.1 ups=1.4 wm=1.59 actor=-0.03 ep_r=-17.729999542236328 gate=0 stage=hover
[train] steps=163223 upd=33050 sps=7.1 ups=1.4 wm=1.63 actor=-0.02 ep_r=-18.670000076293945 gate=0 stage=hover
[train] steps=163457 upd=33100 sps=7.1 ups=1.4 wm=1.66 actor=-0.02 ep_r=-17.65999984741211 gate=0 stage=hover
[train] steps=163699 upd=33150 sps=7.1 ups=1.4 wm=1.69 actor=-0.04 ep_r=-17.709999084472656 gate=0 stage=hover
[train] steps=163945 upd=33200 sps=7.1 ups=1.4 wm=1.56 actor=-0.03 ep_r=-17.489999771118164 gate=0 stage=hover
[train] steps=164180 upd=33250 sps=7.1 ups=1.4 wm=1.61 actor=-0.03 ep_r=-18.229999542236328 gate=0 stage=hover
[train] steps=164405 upd=33300 sps=7.1 ups=1.4 wm=1.62 actor=-0.04 ep_r=-18.139999389648438 gate=0 stage=hover
[train] steps=164640 upd=33350 sps=7.1 ups=1.4 wm=1.62 actor=-0.03 ep_r=-17.270000457763672 gate=0 stage=hover
[train] steps=164874 upd=33400 sps=7.1 ups=1.4 wm=1.61 actor=-0.03 ep_r=-17.520000457763672 gate=0 stage=hover
[train] steps=165120 upd=33450 sps=7.1 ups=1.4 wm=1.62 actor=-0.02 ep_r=-18.799999237060547 gate=0 stage=hover
[train] steps=165381 upd=33500 sps=7.1 ups=1.4 wm=1.56 actor=-0.04 ep_r=-18.829999923706055 gate=0 stage=hover
[train] steps=165606 upd=33550 sps=7.1 ups=1.4 wm=1.64 actor=-0.05 ep_r=-18.59000015258789 gate=0 stage=hover
[train] steps=165827 upd=33600 sps=7.1 ups=1.4 wm=1.59 actor=-0.04 ep_r=-17.540000915527344 gate=0 stage=hover
[train] steps=166070 upd=33650 sps=7.1 ups=1.4 wm=1.61 actor=0.02 ep_r=-19.540000915527344 gate=0 stage=hover
[train] steps=166313 upd=33700 sps=7.1 ups=1.4 wm=1.66 actor=-0.05 ep_r=-17.979999542236328 gate=0 stage=hover
[train] steps=166518 upd=33750 sps=7.1 ups=1.4 wm=1.68 actor=-0.03 ep_r=-18.260000228881836 gate=0 stage=hover
[train] steps=166738 upd=33800 sps=7.1 ups=1.4 wm=1.67 actor=-0.03 ep_r=-17.959999084472656 gate=0 stage=hover
[train] steps=166983 upd=33850 sps=7.1 ups=1.4 wm=1.56 actor=-0.01 ep_r=-17.649999618530273 gate=0 stage=hover
[train] steps=167187 upd=33900 sps=7.1 ups=1.4 wm=1.61 actor=-0.06 ep_r=-20.170000076293945 gate=0 stage=hover
[train] steps=167396 upd=33950 sps=7.1 ups=1.4 wm=1.65 actor=-0.06 ep_r=-18.3700008392334 gate=0 stage=hover
[train] steps=167625 upd=34000 sps=7.1 ups=1.4 wm=1.66 actor=0.01 ep_r=-18.350000381469727 gate=0 stage=hover
[train] steps=167854 upd=34050 sps=7.1 ups=1.4 wm=1.62 actor=-0.03 ep_r=-17.600000381469727 gate=0 stage=hover
[train] steps=168076 upd=34100 sps=7.1 ups=1.4 wm=1.62 actor=-0.02 ep_r=-17.530000686645508 gate=0 stage=hover
[train] steps=168305 upd=34150 sps=7.1 ups=1.4 wm=1.59 actor=-0.02 ep_r=-17.540000915527344 gate=0 stage=hover
[train] steps=168496 upd=34200 sps=7.1 ups=1.4 wm=1.66 actor=-0.04 ep_r=-17.790000915527344 gate=0 stage=hover
[train] steps=168707 upd=34250 sps=7.1 ups=1.4 wm=1.59 actor=-0.02 ep_r=-20.209999084472656 gate=0 stage=hover
